Archive member included to satisfy reference by file (symbol)

app/libapp.a(main.c.obj)      (--whole-archive)
app/libapp.a(flash_map_extended.c.obj)
                              (--whole-archive)
app/libapp.a(os.c.obj)        (--whole-archive)
app/libapp.a(keys.c.obj)      (--whole-archive)
app/libapp.a(image_validate.c.obj)
                              (--whole-archive)
app/libapp.a(tlv.c.obj)       (--whole-archive)
app/libapp.a(encrypted.c.obj)
                              (--whole-archive)
app/libapp.a(image_rsa.c.obj)
                              (--whole-archive)
app/libapp.a(image_ec256.c.obj)
                              (--whole-archive)
app/libapp.a(image_ed25519.c.obj)
                              (--whole-archive)
app/libapp.a(bootutil_misc.c.obj)
                              (--whole-archive)
app/libapp.a(fault_injection_hardening.c.obj)
                              (--whole-archive)
app/libapp.a(loader.c.obj)    (--whole-archive)
app/libapp.a(swap_misc.c.obj)
                              (--whole-archive)
app/libapp.a(swap_scratch.c.obj)
                              (--whole-archive)
app/libapp.a(swap_move.c.obj)
                              (--whole-archive)
app/libapp.a(caps.c.obj)      (--whole-archive)
app/libapp.a(autogen-pubkey.c.obj)
                              (--whole-archive)
app/libapp.a(nrf_cleanup.c.obj)
                              (--whole-archive)
zephyr/libzephyr.a(cbprintf.c.obj)
                              (--whole-archive)
zephyr/libzephyr.a(cbprintf_packaged.c.obj)
                              (--whole-archive)
zephyr/libzephyr.a(crc32c_sw.c.obj)
                              (--whole-archive)
zephyr/libzephyr.a(crc32_sw.c.obj)
                              (--whole-archive)
zephyr/libzephyr.a(crc16_sw.c.obj)
                              (--whole-archive)
zephyr/libzephyr.a(crc8_sw.c.obj)
                              (--whole-archive)
zephyr/libzephyr.a(crc7_sw.c.obj)
                              (--whole-archive)
zephyr/libzephyr.a(dec.c.obj)
                              (--whole-archive)
zephyr/libzephyr.a(fdtable.c.obj)
                              (--whole-archive)
zephyr/libzephyr.a(hex.c.obj)
                              (--whole-archive)
zephyr/libzephyr.a(notify.c.obj)
                              (--whole-archive)
zephyr/libzephyr.a(printk.c.obj)
                              (--whole-archive)
zephyr/libzephyr.a(onoff.c.obj)
                              (--whole-archive)
zephyr/libzephyr.a(rb.c.obj)  (--whole-archive)
zephyr/libzephyr.a(sem.c.obj)
                              (--whole-archive)
zephyr/libzephyr.a(thread_entry.c.obj)
                              (--whole-archive)
zephyr/libzephyr.a(timeutil.c.obj)
                              (--whole-archive)
zephyr/libzephyr.a(heap.c.obj)
                              (--whole-archive)
zephyr/libzephyr.a(heap-validate.c.obj)
                              (--whole-archive)
zephyr/libzephyr.a(bitarray.c.obj)
                              (--whole-archive)
zephyr/libzephyr.a(multi_heap.c.obj)
                              (--whole-archive)
zephyr/libzephyr.a(cbprintf_nano.c.obj)
                              (--whole-archive)
zephyr/libzephyr.a(assert.c.obj)
                              (--whole-archive)
zephyr/libzephyr.a(mpsc_pbuf.c.obj)
                              (--whole-archive)
zephyr/libzephyr.a(reboot.c.obj)
                              (--whole-archive)
zephyr/libzephyr.a(configs.c.obj)
                              (--whole-archive)
zephyr/libzephyr.a(soc_nrf_common.S.obj)
                              (--whole-archive)
zephyr/libzephyr.a(validate_base_addresses.c.obj)
                              (--whole-archive)
zephyr/libzephyr.a(validate_enabled_instances.c.obj)
                              (--whole-archive)
zephyr/libzephyr.a(log_minimal.c.obj)
                              (--whole-archive)
zephyr/libzephyr.a(flash_map.c.obj)
                              (--whole-archive)
zephyr/libzephyr.a(flash_map_layout.c.obj)
                              (--whole-archive)
zephyr/libzephyr.a(tracing_none.c.obj)
                              (--whole-archive)
zephyr/libzephyr.a(flash_map_partition_manager.c.obj)
                              (--whole-archive)
zephyr/arch/common/libarch__common.a(sw_isr_common.c.obj)
                              (--whole-archive)
zephyr/arch/arch/arm/core/aarch32/libarch__arm__core__aarch32.a(cpu_idle.S.obj)
                              (--whole-archive)
zephyr/arch/arch/arm/core/aarch32/libarch__arm__core__aarch32.a(fatal.c.obj)
                              (--whole-archive)
zephyr/arch/arch/arm/core/aarch32/libarch__arm__core__aarch32.a(irq_manage.c.obj)
                              (--whole-archive)
zephyr/arch/arch/arm/core/aarch32/libarch__arm__core__aarch32.a(nmi.c.obj)
                              (--whole-archive)
zephyr/arch/arch/arm/core/aarch32/libarch__arm__core__aarch32.a(nmi_on_reset.S.obj)
[...]
Memory Configuration

Name             Origin             Length             Attributes
FLASH            0x0000000000000000 0x0000000000010000 xr
SRAM             0x0000000020000000 0x0000000000020000 xw
IDT_LIST         0x00000000fffff7ff 0x0000000000000800 xw
*default*        0x0000000000000000 0xffffffffffffffff

Linker script and memory map

LOAD zephyr/CMakeFiles/zephyr_pre1.dir/misc/empty_file.c.obj
LOAD zephyr/CMakeFiles/zephyr_pre1.dir/dev_handles.c.obj
                0x0000000000000020                _region_min_align = 0x20

.rel.plt        0x0000000000000000        0x0
 *(SORT_BY_ALIGNMENT(.rel.plt))
                [!provide]                        PROVIDE (__rel_iplt_start = .)
 *(SORT_BY_ALIGNMENT(.rel.iplt))
 .rel.iplt      0x0000000000000000        0x0 app/libapp.a(main.c.obj)
                [!provide]                        PROVIDE (__rel_iplt_end = .)

.rela.plt       0x0000000000000000        0x0
 *(SORT_BY_ALIGNMENT(.rela.plt))
                [!provide]                        PROVIDE (__rela_iplt_start = .)
 *(SORT_BY_ALIGNMENT(.rela.iplt))
                [!provide]                        PROVIDE (__rela_iplt_end = .)

.rel.dyn
 *(SORT_BY_ALIGNMENT(.rel.*))

.rela.dyn
 *(SORT_BY_ALIGNMENT(.rela.*))

/DISCARD/
 *(SORT_BY_ALIGNMENT(.plt))
 *(SORT_BY_ALIGNMENT(.iplt))
 *(SORT_BY_ALIGNMENT(.got.plt))
 *(SORT_BY_ALIGNMENT(.igot.plt))
 *(SORT_BY_ALIGNMENT(.got))
 *(SORT_BY_ALIGNMENT(.igot))
 *(SORT_BY_ALIGNMENT(.note.GNU-stack))
                0x0000000000000000                __rom_region_start = 0x0

rom_start       0x0000000000000000      0x100
                0x0000000000000000                . = 0x0
                0x0000000000000000                . = ALIGN (0x4)
                0x0000000000000000                . = ALIGN (0x80)
                0x0000000000000000                . = ALIGN (0x100)
                0x0000000000000000                _vector_start = .
 *(SORT_BY_ALIGNMENT(.exc_vector_table))
 *(SORT_BY_ALIGNMENT(.exc_vector_table.*))
 .exc_vector_table._vector_table_section
                0x0000000000000000       0x40 zephyr/arch/arch/arm/core/aarch32/cortex_m/libarch__arm__core__aarch32__cortex_m.a(vector_table.S.obj)
                0x0000000000000000                _vector_table
 *(SORT_BY_ALIGNMENT(.gnu.linkonce.irq_vector_table*))
 .gnu.linkonce.irq_vector_table
                0x0000000000000040       0xc0 zephyr/arch/common/libisr_tables.a(isr_tables.c.obj)
                0x0000000000000040                _irq_vector_table
 *(SORT_BY_ALIGNMENT(.vectors))
                0x0000000000000100                _vector_end = .

text            0x0000000000000100     0x95e0
                0x0000000000000100                __text_region_start = .
 *(SORT_BY_ALIGNMENT(.text))
 .text          0x0000000000000100       0x30 c:/users/songdian/ncs2/toolchains/v2.0.2/opt/zephyr-sdk/arm-zephyr-eabi/bin/../lib/gcc/arm-zephyr-eabi/10.3.0/thumb/v7e-m/nofp\libgcc.a(_aeabi_uldivmod.o)
                0x0000000000000100                __aeabi_uldivmod
 .text          0x0000000000000130        0x4 c:/users/songdian/ncs2/toolchains/v2.0.2/opt/zephyr-sdk/arm-zephyr-eabi/bin/../lib/gcc/arm-zephyr-eabi/10.3.0/thumb/v7e-m/nofp\libgcc.a(_dvmd_tls.o)
                0x0000000000000130                __aeabi_idiv0
                0x0000000000000130                __aeabi_ldiv0
 .text          0x0000000000000134      0x2a6 c:/users/songdian/ncs2/toolchains/v2.0.2/opt/zephyr-sdk/arm-zephyr-eabi/bin/../lib/gcc/arm-zephyr-eabi/10.3.0/thumb/v7e-m/nofp\libgcc.a(_udivmoddi4.o)
                0x0000000000000134                __udivmoddi4
 *(SORT_BY_ALIGNMENT(.text.*))
 *fill*         0x00000000000003da        0x2 
 .text.main     0x00000000000003dc       0xf0 app/libapp.a(main.c.obj)
                0x00000000000003dc                main
 .text.flash_device_get_binding
                0x00000000000004cc       0x18 app/libapp.a(flash_map_extended.c.obj)
                0x00000000000004cc                flash_device_get_binding
 .text.flash_device_base
                0x00000000000004e4       0x20 app/libapp.a(flash_map_extended.c.obj)
                0x00000000000004e4                flash_device_base
 .text.flash_area_id_from_multi_image_slot
                0x0000000000000504       0x14 app/libapp.a(flash_map_extended.c.obj)
                0x0000000000000504                flash_area_id_from_multi_image_slot
 .text.os_heap_init
                0x0000000000000518       0x10 app/libapp.a(os.c.obj)
                0x0000000000000518                os_heap_init
 .text.bootutil_img_validate
                0x0000000000000528      0x204 app/libapp.a(image_validate.c.obj)
                0x0000000000000528                bootutil_img_validate
 .text.bootutil_verify_sig
                0x000000000000072c      0x1c4 app/libapp.a(image_rsa.c.obj)
                0x000000000000072c                bootutil_verify_sig
 .text.boot_read_swap_size
                0x00000000000008f0       0x80 app/libapp.a(bootutil_misc.c.obj)
                0x00000000000008f0                boot_read_swap_size
 .text.boot_validate_slot.isra.0
                0x0000000000000970      0x104 app/libapp.a(loader.c.obj)
 .text.boot_swap_image
                0x0000000000000a74       0x7c app/libapp.a(loader.c.obj)
 .text.boot_copy_region
                0x0000000000000af0       0x84 app/libapp.a(loader.c.obj)
                0x0000000000000af0                boot_copy_region
 .text.context_boot_go
                0x0000000000000b74      0x25c app/libapp.a(loader.c.obj)
                0x0000000000000b74                context_boot_go
 .text.boot_go  0x0000000000000dd0       0x20 app/libapp.a(loader.c.obj)
                0x0000000000000dd0                boot_go
 .text.swap_read_status_bytes
                0x0000000000000df0       0xa0 app/libapp.a(swap_scratch.c.obj)
                0x0000000000000df0                swap_read_status_bytes
 .text.boot_slots_compatible
                0x0000000000000e90       0xcc app/libapp.a(swap_scratch.c.obj)
                0x0000000000000e90                boot_slots_compatible
 .text.swap_status_source
                0x0000000000000f5c      0x11c app/libapp.a(swap_scratch.c.obj)
                0x0000000000000f5c                swap_status_source
 .text.swap_run
                0x0000000000001078      0x290 app/libapp.a(swap_scratch.c.obj)
                0x0000000000001078                swap_run
 .text.nrf_cleanup_peripheral
                0x0000000000001308       0x60 app/libapp.a(nrf_cleanup.c.obj)
                0x0000000000001308                nrf_cleanup_peripheral
 .text.char_out
                0x0000000000001368       0x10 zephyr/libzephyr.a(printk.c.obj)
 .text.__printk_hook_install
                0x0000000000001378        0xc zephyr/libzephyr.a(printk.c.obj)
                0x0000000000001378                __printk_hook_install
 .text.vprintk  0x0000000000001384       0x1c zephyr/libzephyr.a(printk.c.obj)
                0x0000000000001384                vprintk
 .text.process_event
                0x00000000000013a0      0x1c0 zephyr/libzephyr.a(onoff.c.obj)
 .text.cbvprintf
                0x0000000000001560      0x45c zephyr/libzephyr.a(cbprintf_nano.c.obj)
                0x0000000000001560                cbvprintf
 .text.flash_area_open
                0x00000000000019bc       0x3c zephyr/libzephyr.a(flash_map.c.obj)
                0x00000000000019bc                flash_area_open
 .text.flash_area_get_sectors
                0x00000000000019f8       0x68 zephyr/libzephyr.a(flash_map_layout.c.obj)
                0x00000000000019f8                flash_area_get_sectors
 .text.z_arm_cpu_idle_init
                0x0000000000001a60        0xc zephyr/arch/arch/arm/core/aarch32/libarch__arm__core__aarch32.a(cpu_idle.S.obj)
                0x0000000000001a60                z_arm_cpu_idle_init
 .text.arch_cpu_idle
                0x0000000000001a6c       0x1c zephyr/arch/arch/arm/core/aarch32/libarch__arm__core__aarch32.a(cpu_idle.S.obj)
                0x0000000000001a6c                arch_cpu_idle
 .text.arch_cpu_atomic_idle
                0x0000000000001a88       0x14 zephyr/arch/arch/arm/core/aarch32/libarch__arm__core__aarch32.a(cpu_idle.S.obj)
                0x0000000000001a88                arch_cpu_atomic_idle
 .text.z_arm_fatal_error
                0x0000000000001a9c       0x5c zephyr/arch/arch/arm/core/aarch32/libarch__arm__core__aarch32.a(fatal.c.obj)
                0x0000000000001a9c                z_arm_fatal_error
 .text.arch_irq_enable
                0x0000000000001af8       0x20 zephyr/arch/arch/arm/core/aarch32/libarch__arm__core__aarch32.a(irq_manage.c.obj)
                0x0000000000001af8                arch_irq_enable
 .text.arch_irq_disable
                0x0000000000001b18       0x28 zephyr/arch/arch/arm/core/aarch32/libarch__arm__core__aarch32.a(irq_manage.c.obj)
                0x0000000000001b18                arch_irq_disable
 .text.arch_irq_is_enabled
                0x0000000000001b40       0x1c zephyr/arch/arch/arm/core/aarch32/libarch__arm__core__aarch32.a(irq_manage.c.obj)
                0x0000000000001b40                arch_irq_is_enabled
 .text.z_arm_irq_priority_set
                0x0000000000001b5c       0x30 zephyr/arch/arch/arm/core/aarch32/libarch__arm__core__aarch32.a(irq_manage.c.obj)
                0x0000000000001b5c                z_arm_irq_priority_set
 .text.z_SysNmiOnReset
                0x0000000000001b8c        0x8 zephyr/arch/arch/arm/core/aarch32/libarch__arm__core__aarch32.a(nmi_on_reset.S.obj)
                0x0000000000001b8c                z_SysNmiOnReset
 .text.z_arm_prep_c
                0x0000000000001b94       0x38 zephyr/arch/arch/arm/core/aarch32/libarch__arm__core__aarch32.a(prep_c.c.obj)
                0x0000000000001b94                z_arm_prep_c
 .text.arch_swap
                0x0000000000001bcc       0x34 zephyr/arch/arch/arm/core/aarch32/libarch__arm__core__aarch32.a(swap.c.obj)
                0x0000000000001bcc                arch_swap
 .text.z_arm_pendsv
                0x0000000000001c00       0x48 zephyr/arch/arch/arm/core/aarch32/libarch__arm__core__aarch32.a(swap_helper.S.obj)
                0x0000000000001c00                z_arm_pendsv
 .text.z_arm_svc
                0x0000000000001c48       0x20 zephyr/arch/arch/arm/core/aarch32/libarch__arm__core__aarch32.a(swap_helper.S.obj)
                0x0000000000001c48                z_arm_svc
 .text.arch_new_thread
                0x0000000000001c68       0x38 zephyr/arch/arch/arm/core/aarch32/libarch__arm__core__aarch32.a(thread.c.obj)
                0x0000000000001c68                arch_new_thread
 .text.arch_switch_to_main_thread
                0x0000000000001ca0       0x24 zephyr/arch/arch/arm/core/aarch32/libarch__arm__core__aarch32.a(thread.c.obj)
                0x0000000000001ca0                arch_switch_to_main_thread
 .text._isr_wrapper
                0x0000000000001cc4       0x28 zephyr/arch/arch/arm/core/aarch32/libarch__arm__core__aarch32.a(isr_wrapper.S.obj)
                0x0000000000001cc4                _isr_wrapper
 .text._HandlerModeExit
                0x0000000000001cec       0x1c zephyr/arch/arch/arm/core/aarch32/cortex_m/libarch__arm__core__aarch32__cortex_m.a(exc_exit.S.obj)
                0x0000000000001cec                z_arm_int_exit
                0x0000000000001cec                z_arm_exc_exit
 .text.usage_fault.constprop.0
                0x0000000000001d08       0x98 zephyr/arch/arch/arm/core/aarch32/cortex_m/libarch__arm__core__aarch32__cortex_m.a(fault.c.obj)
 .text.bus_fault.constprop.0
                0x0000000000001da0       0xb4 zephyr/arch/arch/arm/core/aarch32/cortex_m/libarch__arm__core__aarch32__cortex_m.a(fault.c.obj)
 .text.mem_manage_fault.constprop.0
                0x0000000000001e54       0xbc zephyr/arch/arch/arm/core/aarch32/cortex_m/libarch__arm__core__aarch32__cortex_m.a(fault.c.obj)
 .text.z_arm_fault
                0x0000000000001f10      0x184 zephyr/arch/arch/arm/core/aarch32/cortex_m/libarch__arm__core__aarch32__cortex_m.a(fault.c.obj)
                0x0000000000001f10                z_arm_fault
 .text.z_arm_fault_init
                0x0000000000002094       0x10 zephyr/arch/arch/arm/core/aarch32/cortex_m/libarch__arm__core__aarch32__cortex_m.a(fault.c.obj)
                0x0000000000002094                z_arm_fault_init
 .text.__fault  0x00000000000020a4       0x14 zephyr/arch/arch/arm/core/aarch32/cortex_m/libarch__arm__core__aarch32__cortex_m.a(fault_s.S.obj)
                0x00000000000020a4                z_arm_usage_fault
                0x00000000000020a4                z_arm_mpu_fault
                0x00000000000020a4                z_arm_exc_spurious
                0x00000000000020a4                z_arm_debug_monitor
                0x00000000000020a4                z_arm_hard_fault
                0x00000000000020a4                z_arm_bus_fault
 .text.z_arm_interrupt_init
                0x00000000000020b8       0x18 zephyr/arch/arch/arm/core/aarch32/cortex_m/libarch__arm__core__aarch32__cortex_m.a(irq_init.c.obj)
                0x00000000000020b8                z_arm_interrupt_init
 .text._reset_section
                0x00000000000020d0       0x54 zephyr/arch/arch/arm/core/aarch32/cortex_m/libarch__arm__core__aarch32__cortex_m.a(reset.S.obj)
                0x00000000000020d0                __start
                0x00000000000020d0                z_arm_reset
 .text.z_arm_clear_arm_mpu_config
                0x0000000000002124       0x24 zephyr/arch/arch/arm/core/aarch32/cortex_m/libarch__arm__core__aarch32__cortex_m.a(scb.c.obj)
                0x0000000000002124                z_arm_clear_arm_mpu_config
 .text.z_arm_init_arch_hw_at_boot
                0x0000000000002148       0x64 zephyr/arch/arch/arm/core/aarch32/cortex_m/libarch__arm__core__aarch32__cortex_m.a(scb.c.obj)
                0x0000000000002148                z_arm_init_arch_hw_at_boot
 .text.z_impl_k_thread_abort
                0x00000000000021ac       0x2c zephyr/arch/arch/arm/core/aarch32/cortex_m/libarch__arm__core__aarch32__cortex_m.a(thread_abort.c.obj)
                0x00000000000021ac                z_impl_k_thread_abort
 .text.z_arm_configure_static_mpu_regions
                0x00000000000021d8       0x18 zephyr/arch/arch/arm/core/aarch32/mpu/libarch__arm__core__aarch32__mpu.a(arm_core_mpu.c.obj)
                0x00000000000021d8                z_arm_configure_static_mpu_regions
 .text.mpu_configure_regions
                0x00000000000021f0       0xa0 zephyr/arch/arch/arm/core/aarch32/mpu/libarch__arm__core__aarch32__mpu.a(arm_mpu.c.obj)
 .text.arm_core_mpu_enable
                0x0000000000002290       0x18 zephyr/arch/arch/arm/core/aarch32/mpu/libarch__arm__core__aarch32__mpu.a(arm_mpu.c.obj)
                0x0000000000002290                arm_core_mpu_enable
 .text.arm_core_mpu_disable
                0x00000000000022a8       0x14 zephyr/arch/arch/arm/core/aarch32/mpu/libarch__arm__core__aarch32__mpu.a(arm_mpu.c.obj)
                0x00000000000022a8                arm_core_mpu_disable
 .text.arm_core_mpu_configure_static_mpu_regions
                0x00000000000022bc       0x14 zephyr/arch/arch/arm/core/aarch32/mpu/libarch__arm__core__aarch32__mpu.a(arm_mpu.c.obj)
                0x00000000000022bc                arm_core_mpu_configure_static_mpu_regions
 .text.z_arm_mpu_init
                0x00000000000022d0       0x60 zephyr/arch/arch/arm/core/aarch32/mpu/libarch__arm__core__aarch32__mpu.a(arm_mpu.c.obj)
                0x00000000000022d0                z_arm_mpu_init
 .text.__stdout_hook_install
                0x0000000000002330        0xc zephyr/lib/libc/minimal/liblib__libc__minimal.a(stdout_console.c.obj)
                0x0000000000002330                __stdout_hook_install
 .text.nordicsemi_nrf52_init
                0x000000000000233c       0x30 zephyr/soc/arm/nordic_nrf/nrf52/libsoc__arm__nordic_nrf__nrf52.a(soc.c.obj)
 .text.sys_arch_reboot
                0x000000000000236c       0x2c zephyr/soc/arm/nordic_nrf/nrf52/libsoc__arm__nordic_nrf__nrf52.a(soc.c.obj)
                0x000000000000236c                sys_arch_reboot
 .text.arch_busy_wait
                0x0000000000002398       0x14 zephyr/soc/arm/nordic_nrf/nrf52/libsoc__arm__nordic_nrf__nrf52.a(soc.c.obj)
                0x0000000000002398                arch_busy_wait
 .text.onoff_stop
                0x00000000000023ac       0x30 zephyr/drivers/clock_control/libdrivers__clock_control.a(clock_control_nrf.c.obj)
 .text.onoff_start
                0x00000000000023dc       0x44 zephyr/drivers/clock_control/libdrivers__clock_control.a(clock_control_nrf.c.obj)
 .text.clk_init
                0x0000000000002420       0x60 zephyr/drivers/clock_control/libdrivers__clock_control.a(clock_control_nrf.c.obj)
 .text.clkstarted_handle.constprop.0
                0x0000000000002480       0x34 zephyr/drivers/clock_control/libdrivers__clock_control.a(clock_control_nrf.c.obj)
 .text.clock_event_handler
                0x00000000000024b4       0x34 zephyr/drivers/clock_control/libdrivers__clock_control.a(clock_control_nrf.c.obj)
 .text.generic_hfclk_start
                0x00000000000024e8       0x64 zephyr/drivers/clock_control/libdrivers__clock_control.a(clock_control_nrf.c.obj)
 .text.api_blocking_start
                0x000000000000254c       0x34 zephyr/drivers/clock_control/libdrivers__clock_control.a(clock_control_nrf.c.obj)
 .text.generic_hfclk_stop
                0x0000000000002580       0x2c zephyr/drivers/clock_control/libdrivers__clock_control.a(clock_control_nrf.c.obj)
 .text.z_nrf_clock_control_get_onoff
                0x00000000000025ac       0x10 zephyr/drivers/clock_control/libdrivers__clock_control.a(clock_control_nrf.c.obj)
                0x00000000000025ac                z_nrf_clock_control_get_onoff
 .text.z_nrf_clock_control_lf_on
                0x00000000000025bc       0xb4 zephyr/drivers/clock_control/libdrivers__clock_control.a(clock_control_nrf.c.obj)
                0x00000000000025bc                z_nrf_clock_control_lf_on
 .text.start_cal_process
                0x0000000000002670       0x48 zephyr/drivers/clock_control/libdrivers__clock_control.a(nrf_clock_calibration.c.obj)
 .text.temp_sensor_init
                0x00000000000026b8       0x2c zephyr/drivers/clock_control/libdrivers__clock_control.a(nrf_clock_calibration.c.obj)
 .text.start_cycle
                0x00000000000026e4       0x38 zephyr/drivers/clock_control/libdrivers__clock_control.a(nrf_clock_calibration.c.obj)
 .text.measure_temperature
                0x000000000000271c       0x8c zephyr/drivers/clock_control/libdrivers__clock_control.a(nrf_clock_calibration.c.obj)
 .text.cal_hf_callback
                0x00000000000027a8       0x2c zephyr/drivers/clock_control/libdrivers__clock_control.a(nrf_clock_calibration.c.obj)
 .text.z_nrf_clock_calibration_init
                0x00000000000027d4       0x1c zephyr/drivers/clock_control/libdrivers__clock_control.a(nrf_clock_calibration.c.obj)
                0x00000000000027d4                z_nrf_clock_calibration_init
 .text.z_nrf_clock_calibration_lfclk_started
                0x00000000000027f0       0x10 zephyr/drivers/clock_control/libdrivers__clock_control.a(nrf_clock_calibration.c.obj)
                0x00000000000027f0                z_nrf_clock_calibration_lfclk_started
 .text.z_nrf_clock_calibration_lfclk_stopped
                0x0000000000002800        0xc zephyr/drivers/clock_control/libdrivers__clock_control.a(nrf_clock_calibration.c.obj)
                0x0000000000002800                z_nrf_clock_calibration_lfclk_stopped
 .text.z_nrf_clock_calibration_done_handler
                0x000000000000280c       0x10 zephyr/drivers/clock_control/libdrivers__clock_control.a(nrf_clock_calibration.c.obj)
                0x000000000000280c                z_nrf_clock_calibration_done_handler
 .text.uart_console_init
                0x000000000000281c       0x30 zephyr/drivers/console/libdrivers__console.a(uart_console.c.obj)
 .text.console_out
                0x000000000000284c       0x28 zephyr/drivers/console/libdrivers__console.a(uart_console.c.obj)
 .text.gpio_nrfx_pin_interrupt_configure
                0x0000000000002874       0xd4 zephyr/drivers/gpio/libdrivers__gpio.a(gpio_nrfx.c.obj)
 .text.gpio_nrfx_init
                0x0000000000002948       0x38 zephyr/drivers/gpio/libdrivers__gpio.a(gpio_nrfx.c.obj)
 .text.nrfx_gpio_handler
                0x0000000000002980       0x44 zephyr/drivers/gpio/libdrivers__gpio.a(gpio_nrfx.c.obj)
 .text.gpio_nrfx_pin_configure
                0x00000000000029c4      0x158 zephyr/drivers/gpio/libdrivers__gpio.a(gpio_nrfx.c.obj)
 .text.hfclk_on_callback
                0x0000000000002b1c        0xc zephyr/drivers/sensor/nrf5/libdrivers__sensor__nrf5.a(temp_nrf5.c.obj)
 .text.temp_nrf5_channel_get
                0x0000000000002b28       0x2c zephyr/drivers/sensor/nrf5/libdrivers__sensor__nrf5.a(temp_nrf5.c.obj)
 .text.temp_nrf5_isr
                0x0000000000002b54       0x18 zephyr/drivers/sensor/nrf5/libdrivers__sensor__nrf5.a(temp_nrf5.c.obj)
 .text.temp_nrf5_sample_fetch
                0x0000000000002b6c       0x78 zephyr/drivers/sensor/nrf5/libdrivers__sensor__nrf5.a(temp_nrf5.c.obj)
 .text.temp_nrf5_init
                0x0000000000002be4       0x40 zephyr/drivers/sensor/nrf5/libdrivers__sensor__nrf5.a(temp_nrf5.c.obj)
 .text.spi_1_init
                0x0000000000002c24       0xb8 zephyr/drivers/spi/libdrivers__spi.a(spi_nrfx_spim.c.obj)
 .text.transfer_next_chunk
                0x0000000000002cdc       0xa4 zephyr/drivers/spi/libdrivers__spi.a(spi_nrfx_spim.c.obj)
 .text.event_handler
                0x0000000000002d80       0xa0 zephyr/drivers/spi/libdrivers__spi.a(spi_nrfx_spim.c.obj)
 .text.spi_nrfx_transceive
                0x0000000000002e20      0x2bc zephyr/drivers/spi/libdrivers__spi.a(spi_nrfx_spim.c.obj)
 .text.flash_nor_get_parameters
                0x00000000000030dc        0x8 zephyr/drivers/flash/libdrivers__flash.a(spi_nor.c.obj)
 .text.spi_nor_init
                0x00000000000030e4      0x2ec zephyr/drivers/flash/libdrivers__flash.a(spi_nor.c.obj)
 .text.flash_nrf_pages_layout
                0x00000000000033d0       0x10 zephyr/drivers/flash/libdrivers__flash.a(soc_flash_nrf.c.obj)
 .text.flash_nrf_get_parameters
                0x00000000000033e0        0x8 zephyr/drivers/flash/libdrivers__flash.a(soc_flash_nrf.c.obj)
 .text.flash_nrf_read
                0x00000000000033e8       0x3c zephyr/drivers/flash/libdrivers__flash.a(soc_flash_nrf.c.obj)
 .text.nrf_flash_init
                0x0000000000003424       0x28 zephyr/drivers/flash/libdrivers__flash.a(soc_flash_nrf.c.obj)
 .text.flash_nrf_erase
                0x000000000000344c       0x84 zephyr/drivers/flash/libdrivers__flash.a(soc_flash_nrf.c.obj)
 .text.flash_nrf_write
                0x00000000000034d0       0x88 zephyr/drivers/flash/libdrivers__flash.a(soc_flash_nrf.c.obj)
 .text.jesd216_bfp_decode_dw16
                0x0000000000003558       0x40 zephyr/drivers/flash/libdrivers__flash.a(jesd216.c.obj)
                0x0000000000003558                jesd216_bfp_decode_dw16
 .text.uart_nrfx_poll_in
                0x0000000000003598       0x24 zephyr/drivers/serial/libdrivers__serial.a(uart_nrfx_uart.c.obj)
 .text.uart_nrfx_err_check
                0x00000000000035bc       0x10 zephyr/drivers/serial/libdrivers__serial.a(uart_nrfx_uart.c.obj)
 .text.uart_nrfx_configure
                0x00000000000035cc      0x178 zephyr/drivers/serial/libdrivers__serial.a(uart_nrfx_uart.c.obj)
 .text.uart_nrfx_init
                0x0000000000003744       0x54 zephyr/drivers/serial/libdrivers__serial.a(uart_nrfx_uart.c.obj)
 .text.uart_nrfx_poll_out
                0x0000000000003798       0x7c zephyr/drivers/serial/libdrivers__serial.a(uart_nrfx_uart.c.obj)
 .text.compare_int_lock
                0x0000000000003814       0x50 zephyr/drivers/timer/libdrivers__timer.a(nrf_rtc_timer.c.obj)
 .text.sys_clock_timeout_handler
                0x0000000000003864       0x78 zephyr/drivers/timer/libdrivers__timer.a(nrf_rtc_timer.c.obj)
 .text.compare_int_unlock
                0x00000000000038dc       0x5c zephyr/drivers/timer/libdrivers__timer.a(nrf_rtc_timer.c.obj)
 .text.z_nrf_rtc_timer_read
                0x0000000000003938       0x44 zephyr/drivers/timer/libdrivers__timer.a(nrf_rtc_timer.c.obj)
                0x0000000000003938                z_nrf_rtc_timer_read
 .text.compare_set
                0x000000000000397c      0x148 zephyr/drivers/timer/libdrivers__timer.a(nrf_rtc_timer.c.obj)
 .text.sys_clock_driver_init
                0x0000000000003ac4       0x80 zephyr/drivers/timer/libdrivers__timer.a(nrf_rtc_timer.c.obj)
 .text.rtc_nrf_isr
                0x0000000000003b44       0xec zephyr/drivers/timer/libdrivers__timer.a(nrf_rtc_timer.c.obj)
                0x0000000000003b44                rtc_nrf_isr
 .text.sys_clock_set_timeout
                0x0000000000003c30       0x64 zephyr/drivers/timer/libdrivers__timer.a(nrf_rtc_timer.c.obj)
                0x0000000000003c30                sys_clock_set_timeout
 .text.sys_clock_elapsed
                0x0000000000003c94       0x14 zephyr/drivers/timer/libdrivers__timer.a(nrf_rtc_timer.c.obj)
                0x0000000000003c94                sys_clock_elapsed
 .text.nrf_gpio_pin_clear
                0x0000000000003ca8       0x20 zephyr/drivers/pinctrl/libdrivers__pinctrl.a(pinctrl_nrf.c.obj)
 .text.nrf_pin_configure.constprop.0
                0x0000000000003cc8       0x44 zephyr/drivers/pinctrl/libdrivers__pinctrl.a(pinctrl_nrf.c.obj)
 .text.nrf_gpio_pin_set
                0x0000000000003d0c       0x20 zephyr/drivers/pinctrl/libdrivers__pinctrl.a(pinctrl_nrf.c.obj)
 .text.find_free_region
                0x0000000000003d2c       0x3c modules/nrf/lib/fprotect/lib..__nrf__lib__fprotect.a(fprotect_acl.c.obj)
 .text.k_sys_fatal_error_handler
                0x0000000000003d68       0x14 modules/nrf/lib/fatal_error/lib..__nrf__lib__fatal_error.a(fatal_error.c.obj)
                0x0000000000003d68                k_sys_fatal_error_handler
 .text.boot_write_magic
                0x0000000000003d7c       0x40 modules/mcuboot/boot/bootutil/zephyr/libmcuboot_util.a(bootutil_public.c.obj)
                0x0000000000003d7c                boot_write_magic
 .text.boot_read_swap_state
                0x0000000000003dbc       0xa8 modules/mcuboot/boot/bootutil/zephyr/libmcuboot_util.a(bootutil_public.c.obj)
                0x0000000000003dbc                boot_read_swap_state
 .text.boot_swap_type_multi
                0x0000000000003e64      0x100 modules/mcuboot/boot/bootutil/zephyr/libmcuboot_util.a(bootutil_public.c.obj)
                0x0000000000003e64                boot_swap_type_multi
 .text.verify_header
                0x0000000000003f64       0x40 modules/mbedtls/libmodules__mbedtls.a(memory_buffer_alloc.c.obj)
 .text.verify_chain
                0x0000000000003fa4       0x3c modules/mbedtls/libmodules__mbedtls.a(memory_buffer_alloc.c.obj)
 .text.buffer_alloc_calloc
                0x0000000000003fe0      0x118 modules/mbedtls/libmodules__mbedtls.a(memory_buffer_alloc.c.obj)
 .text.buffer_alloc_free
                0x00000000000040f8      0x110 modules/mbedtls/libmodules__mbedtls.a(memory_buffer_alloc.c.obj)
 .text.mbedtls_memory_buffer_alloc_init
                0x0000000000004208       0x64 modules/mbedtls/libmodules__mbedtls.a(memory_buffer_alloc.c.obj)
                0x0000000000004208                mbedtls_memory_buffer_alloc_init
 .text.mbedtls_calloc
                0x000000000000426c        0xc modules/mbedtls/libmodules__mbedtls.a(platform.c.obj)
                0x000000000000426c                mbedtls_calloc
 .text.mbedtls_free
                0x0000000000004278        0xc modules/mbedtls/libmodules__mbedtls.a(platform.c.obj)
                0x0000000000004278                mbedtls_free
 .text.mbedtls_platform_set_calloc_free
                0x0000000000004284       0x14 modules/mbedtls/libmodules__mbedtls.a(platform.c.obj)
                0x0000000000004284                mbedtls_platform_set_calloc_free
 .text.mbedtls_platform_zeroize
                0x0000000000004298       0x14 modules/mbedtls/libmodules__mbedtls.a(platform_util.c.obj)
                0x0000000000004298                mbedtls_platform_zeroize
 .text.rsa_check_context.constprop.0
                0x00000000000042ac       0xb8 modules/mbedtls/libmodules__mbedtls.a(rsa.c.obj)
 .text.mbedtls_rsa_check_pubkey
                0x0000000000004364       0x48 modules/mbedtls/libmodules__mbedtls.a(rsa.c.obj)
                0x0000000000004364                mbedtls_rsa_check_pubkey
 .text.mbedtls_rsa_public
                0x00000000000043ac       0x7c modules/mbedtls/libmodules__mbedtls.a(rsa.c.obj)
                0x00000000000043ac                mbedtls_rsa_public
 .text.mbedtls_sha256_starts
                0x0000000000004428       0xa4 modules/mbedtls/libmodules__mbedtls.a(sha256.c.obj)
                0x0000000000004428                mbedtls_sha256_starts
 .text.mbedtls_internal_sha256_process
                0x00000000000044cc      0x154 modules/mbedtls/libmodules__mbedtls.a(sha256.c.obj)
                0x00000000000044cc                mbedtls_internal_sha256_process
 .text.nvmc_wait
                0x0000000000004620       0x10 modules/hal_nordic/nrfx/libmodules__hal_nordic__nrfx.a(system_nrf52833.c.obj)
                0x0000000000004620                nvmc_wait
 .text.SystemInit
                0x0000000000004630      0x15c modules/hal_nordic/nrfx/libmodules__hal_nordic__nrfx.a(system_nrf52833.c.obj)
                0x0000000000004630                SystemInit
 .text.nrfx_flag32_alloc
                0x000000000000478c       0x4c modules/hal_nordic/nrfx/libmodules__hal_nordic__nrfx.a(nrfx_flag32_allocator.c.obj)
                0x000000000000478c                nrfx_flag32_alloc
 .text.nrfx_flag32_free
                0x00000000000047d8       0x44 modules/hal_nordic/nrfx/libmodules__hal_nordic__nrfx.a(nrfx_flag32_allocator.c.obj)
                0x00000000000047d8                nrfx_flag32_free
 .text.nrfx_clock_init
                0x000000000000481c       0x24 modules/hal_nordic/nrfx/libmodules__hal_nordic__nrfx.a(nrfx_clock.c.obj)
                0x000000000000481c                nrfx_clock_init
 .text.nrfx_clock_calibration_start
                0x0000000000004840       0x58 modules/hal_nordic/nrfx/libmodules__hal_nordic__nrfx.a(nrfx_clock.c.obj)
                0x0000000000004840                nrfx_clock_calibration_start
 .text.nrfx_power_clock_irq_handler
                0x0000000000004898       0x7c modules/hal_nordic/nrfx/libmodules__hal_nordic__nrfx.a(nrfx_clock.c.obj)
                0x0000000000004898                nrfx_power_clock_irq_handler
 .text.nrf_gpio_pin_port_decode
                0x0000000000004914       0x1c modules/hal_nordic/nrfx/libmodules__hal_nordic__nrfx.a(nrfx_gpiote.c.obj)
 .text.pin_in_use_by_te
                0x0000000000004930       0x14 modules/hal_nordic/nrfx/libmodules__hal_nordic__nrfx.a(nrfx_gpiote.c.obj)
 .text.call_handler
                0x0000000000004944       0x3c modules/hal_nordic/nrfx/libmodules__hal_nordic__nrfx.a(nrfx_gpiote.c.obj)
 .text.release_handler
                0x0000000000004980       0x54 modules/hal_nordic/nrfx/libmodules__hal_nordic__nrfx.a(nrfx_gpiote.c.obj)
 .text.pin_handler_trigger_uninit
                0x00000000000049d4       0x38 modules/hal_nordic/nrfx/libmodules__hal_nordic__nrfx.a(nrfx_gpiote.c.obj)
 .text.nrfx_gpiote_input_configure
                0x0000000000004a0c      0x15c modules/hal_nordic/nrfx/libmodules__hal_nordic__nrfx.a(nrfx_gpiote.c.obj)
                0x0000000000004a0c                nrfx_gpiote_input_configure
 .text.nrfx_gpiote_output_configure
                0x0000000000004b68       0xe4 modules/hal_nordic/nrfx/libmodules__hal_nordic__nrfx.a(nrfx_gpiote.c.obj)
                0x0000000000004b68                nrfx_gpiote_output_configure
 .text.nrfx_gpiote_global_callback_set
                0x0000000000004c4c        0xc modules/hal_nordic/nrfx/libmodules__hal_nordic__nrfx.a(nrfx_gpiote.c.obj)
                0x0000000000004c4c                nrfx_gpiote_global_callback_set
 .text.nrfx_gpiote_channel_get
                0x0000000000004c58       0x2c modules/hal_nordic/nrfx/libmodules__hal_nordic__nrfx.a(nrfx_gpiote.c.obj)
                0x0000000000004c58                nrfx_gpiote_channel_get
 .text.nrfx_gpiote_init
                0x0000000000004c84       0x50 modules/hal_nordic/nrfx/libmodules__hal_nordic__nrfx.a(nrfx_gpiote.c.obj)
                0x0000000000004c84                nrfx_gpiote_init
 .text.nrfx_gpiote_is_init
                0x0000000000004cd4       0x14 modules/hal_nordic/nrfx/libmodules__hal_nordic__nrfx.a(nrfx_gpiote.c.obj)
                0x0000000000004cd4                nrfx_gpiote_is_init
 .text.nrfx_gpiote_channel_free
                0x0000000000004ce8        0xc modules/hal_nordic/nrfx/libmodules__hal_nordic__nrfx.a(nrfx_gpiote.c.obj)
                0x0000000000004ce8                nrfx_gpiote_channel_free
 .text.nrfx_gpiote_channel_alloc
                0x0000000000004cf4        0xc modules/hal_nordic/nrfx/libmodules__hal_nordic__nrfx.a(nrfx_gpiote.c.obj)
                0x0000000000004cf4                nrfx_gpiote_channel_alloc
 .text.nrfx_gpiote_trigger_enable
                0x0000000000004d00       0x90 modules/hal_nordic/nrfx/libmodules__hal_nordic__nrfx.a(nrfx_gpiote.c.obj)
                0x0000000000004d00                nrfx_gpiote_trigger_enable
 .text.nrfx_gpiote_trigger_disable
                0x0000000000004d90       0x50 modules/hal_nordic/nrfx/libmodules__hal_nordic__nrfx.a(nrfx_gpiote.c.obj)
                0x0000000000004d90                nrfx_gpiote_trigger_disable
 .text.nrfx_gpiote_pin_uninit
                0x0000000000004de0       0x48 modules/hal_nordic/nrfx/libmodules__hal_nordic__nrfx.a(nrfx_gpiote.c.obj)
                0x0000000000004de0                nrfx_gpiote_pin_uninit
 .text.nrfx_gpiote_irq_handler
                0x0000000000004e28      0x1ac modules/hal_nordic/nrfx/libmodules__hal_nordic__nrfx.a(nrfx_gpiote.c.obj)
                0x0000000000004e28                nrfx_gpiote_irq_handler
 .text.nvmc_word_write
                0x0000000000004fd4       0x18 modules/hal_nordic/nrfx/libmodules__hal_nordic__nrfx.a(nrfx_nvmc.c.obj)
 .text.nrfx_nvmc_page_erase
                0x0000000000004fec       0x40 modules/hal_nordic/nrfx/libmodules__hal_nordic__nrfx.a(nrfx_nvmc.c.obj)
                0x0000000000004fec                nrfx_nvmc_page_erase
 .text.nrfx_nvmc_word_write
                0x000000000000502c       0x1c modules/hal_nordic/nrfx/libmodules__hal_nordic__nrfx.a(nrfx_nvmc.c.obj)
                0x000000000000502c                nrfx_nvmc_word_write
 .text.nrf_gpio_pin_port_decode
                0x0000000000005048       0x1c modules/hal_nordic/nrfx/libmodules__hal_nordic__nrfx.a(nrfx_spim.c.obj)
 .text.nrfx_spim_init
                0x0000000000005064      0x184 modules/hal_nordic/nrfx/libmodules__hal_nordic__nrfx.a(nrfx_spim.c.obj)
                0x0000000000005064                nrfx_spim_init
 .text.nrfx_spim_uninit
                0x00000000000051e8       0x90 modules/hal_nordic/nrfx/libmodules__hal_nordic__nrfx.a(nrfx_spim.c.obj)
                0x00000000000051e8                nrfx_spim_uninit
 .text.nrfx_spim_xfer
                0x0000000000005278       0xf0 modules/hal_nordic/nrfx/libmodules__hal_nordic__nrfx.a(nrfx_spim.c.obj)
                0x0000000000005278                nrfx_spim_xfer
 .text.nrfx_spim_1_irq_handler
                0x0000000000005368       0x38 modules/hal_nordic/nrfx/libmodules__hal_nordic__nrfx.a(nrfx_spim.c.obj)
                0x0000000000005368                nrfx_spim_1_irq_handler
 .text._DoInit  0x00000000000053a0       0x6c modules/segger/libmodules__segger.a(SEGGER_RTT.c.obj)
 .text.z_sys_init_run_level
                0x000000000000540c       0x40 zephyr/kernel/libkernel.a(device.c.obj)
                0x000000000000540c                z_sys_init_run_level
 .text.z_impl_device_get_binding
                0x000000000000544c       0x54 zephyr/kernel/libkernel.a(device.c.obj)
                0x000000000000544c                z_impl_device_get_binding
 .text.z_fatal_error
                0x00000000000054a0       0x98 zephyr/kernel/libkernel.a(fatal.c.obj)
                0x00000000000054a0                z_fatal_error
 .text.bg_thread_main
                0x0000000000005538       0x34 zephyr/kernel/libkernel.a(init.c.obj)
 .text.z_bss_zero
                0x000000000000556c       0x18 zephyr/kernel/libkernel.a(init.c.obj)
                0x000000000000556c                z_bss_zero
 .text.z_init_cpu
                0x0000000000005584       0x68 zephyr/kernel/libkernel.a(init.c.obj)
                0x0000000000005584                z_init_cpu
 .text.z_cstart
                0x00000000000055ec       0xd4 zephyr/kernel/libkernel.a(init.c.obj)
                0x00000000000055ec                z_cstart
 .text.z_setup_new_thread
                0x00000000000056c0       0x60 zephyr/kernel/libkernel.a(thread.c.obj)
                0x00000000000056c0                z_setup_new_thread
 .text.z_impl_k_thread_create
                0x0000000000005720       0x58 zephyr/kernel/libkernel.a(thread.c.obj)
                0x0000000000005720                z_impl_k_thread_create
 .text.z_init_static_threads
                0x0000000000005778       0xb8 zephyr/kernel/libkernel.a(thread.c.obj)
                0x0000000000005778                z_init_static_threads
 .text.z_impl_k_mutex_lock
                0x0000000000005830       0xf0 zephyr/kernel/libkernel.a(mutex.c.obj)
                0x0000000000005830                z_impl_k_mutex_lock
 .text.z_impl_k_mutex_unlock
                0x0000000000005920       0x84 zephyr/kernel/libkernel.a(mutex.c.obj)
                0x0000000000005920                z_impl_k_mutex_unlock
 .text.z_impl_k_sem_give
                0x00000000000059a4       0x40 zephyr/kernel/libkernel.a(sem.c.obj)
                0x00000000000059a4                z_impl_k_sem_give
 .text.z_impl_k_sem_take
                0x00000000000059e4       0x50 zephyr/kernel/libkernel.a(sem.c.obj)
                0x00000000000059e4                z_impl_k_sem_take
 .text.work_queue_main
                0x0000000000005a34      0x12c zephyr/kernel/libkernel.a(work.c.obj)
 .text.submit_to_queue_locked
                0x0000000000005b60       0xa0 zephyr/kernel/libkernel.a(work.c.obj)
 .text.k_work_submit
                0x0000000000005c00        0xc zephyr/kernel/libkernel.a(work.c.obj)
                0x0000000000005c00                k_work_submit
 .text.k_work_queue_start
                0x0000000000005c0c       0x70 zephyr/kernel/libkernel.a(work.c.obj)
                0x0000000000005c0c                k_work_queue_start
 .text.z_reset_time_slice
                0x0000000000005c7c       0x28 zephyr/kernel/libkernel.a(sched.c.obj)
                0x0000000000005c7c                z_reset_time_slice
 .text.k_sched_time_slice_set
                0x0000000000005ca4       0x64 zephyr/kernel/libkernel.a(sched.c.obj)
                0x0000000000005ca4                k_sched_time_slice_set
 .text.z_reschedule
                0x0000000000005d08       0x24 zephyr/kernel/libkernel.a(sched.c.obj)
                0x0000000000005d08                z_reschedule
 .text.k_sched_lock
                0x0000000000005d2c       0x28 zephyr/kernel/libkernel.a(sched.c.obj)
                0x0000000000005d2c                k_sched_lock
 .text.update_cache
                0x0000000000005d54       0x40 zephyr/kernel/libkernel.a(sched.c.obj)
 .text.move_thread_to_end_of_prio_q
                0x0000000000005d94       0x74 zephyr/kernel/libkernel.a(sched.c.obj)
 .text.z_time_slice
                0x0000000000005e08       0x84 zephyr/kernel/libkernel.a(sched.c.obj)
                0x0000000000005e08                z_time_slice
 .text.ready_thread
                0x0000000000005e8c       0x6c zephyr/kernel/libkernel.a(sched.c.obj)
 .text.z_sched_start
                0x0000000000005ef8       0x3c zephyr/kernel/libkernel.a(sched.c.obj)
                0x0000000000005ef8                z_sched_start
 .text.unready_thread
                0x0000000000005f34       0x30 zephyr/kernel/libkernel.a(sched.c.obj)
 .text.pend     0x0000000000005f64       0x4c zephyr/kernel/libkernel.a(sched.c.obj)
 .text.z_pend_curr
                0x0000000000005fb0       0x28 zephyr/kernel/libkernel.a(sched.c.obj)
                0x0000000000005fb0                z_pend_curr
 .text.z_set_prio
                0x0000000000005fd8       0x90 zephyr/kernel/libkernel.a(sched.c.obj)
                0x0000000000005fd8                z_set_prio
 .text.z_impl_k_thread_suspend
                0x0000000000006068       0x64 zephyr/kernel/libkernel.a(sched.c.obj)
                0x0000000000006068                z_impl_k_thread_suspend
 .text.k_sched_unlock
                0x00000000000060cc       0x38 zephyr/kernel/libkernel.a(sched.c.obj)
                0x00000000000060cc                k_sched_unlock
 .text.z_sched_init
                0x0000000000006104       0x18 zephyr/kernel/libkernel.a(sched.c.obj)
                0x0000000000006104                z_sched_init
 .text.z_impl_k_yield
                0x000000000000611c       0x80 zephyr/kernel/libkernel.a(sched.c.obj)
                0x000000000000611c                z_impl_k_yield
 .text.z_tick_sleep
                0x000000000000619c       0x90 zephyr/kernel/libkernel.a(sched.c.obj)
 .text.z_impl_k_sleep
                0x000000000000622c       0x34 zephyr/kernel/libkernel.a(sched.c.obj)
                0x000000000000622c                z_impl_k_sleep
 .text.z_impl_z_current_get
                0x0000000000006260        0xc zephyr/kernel/libkernel.a(sched.c.obj)
                0x0000000000006260                z_impl_z_current_get
 .text.z_thread_abort
                0x000000000000626c       0xa4 zephyr/kernel/libkernel.a(sched.c.obj)
                0x000000000000626c                z_thread_abort
 .text.z_sched_wait
                0x0000000000006310       0x24 zephyr/kernel/libkernel.a(sched.c.obj)
                0x0000000000006310                z_sched_wait
 .text.z_data_copy
                0x0000000000006334       0x34 zephyr/kernel/libkernel.a(xip.c.obj)
                0x0000000000006334                z_data_copy
 .text.elapsed  0x0000000000006368       0x14 zephyr/kernel/libkernel.a(timeout.c.obj)
 .text.next_timeout
                0x000000000000637c       0x4c zephyr/kernel/libkernel.a(timeout.c.obj)
 .text.remove_timeout
                0x00000000000063c8       0x34 zephyr/kernel/libkernel.a(timeout.c.obj)
 .text.z_add_timeout
                0x00000000000063fc       0xf4 zephyr/kernel/libkernel.a(timeout.c.obj)
                0x00000000000063fc                z_add_timeout
 .text.sys_clock_announce
                0x00000000000064f0       0xb8 zephyr/kernel/libkernel.a(timeout.c.obj)
                0x00000000000064f0                sys_clock_announce
 .text.sys_clock_tick_get
                0x00000000000065a8       0x30 zephyr/kernel/libkernel.a(timeout.c.obj)
                0x00000000000065a8                sys_clock_tick_get
 .text.z_timer_expiration_handler
                0x00000000000065d8       0x8c zephyr/kernel/libkernel.a(timer.c.obj)
                0x00000000000065d8                z_timer_expiration_handler
 .text.z_impl_k_timer_start
                0x0000000000006664       0xa4 zephyr/kernel/libkernel.a(timer.c.obj)
                0x0000000000006664                z_impl_k_timer_start
 .text.boot_banner
                0x0000000000006708       0x18 zephyr/kernel/libkernel.a(banner.c.obj)
                0x0000000000006708                boot_banner
 .text.k_sys_work_q_init
                0x0000000000006720       0x34 zephyr/kernel/libkernel.a(system_work_q.c.obj)
 .text.flash_area_get_device_id
                0x0000000000006754        0x4 app/libapp.a(flash_map_extended.c.obj)
                0x0000000000006754                flash_area_get_device_id
 .text.bootutil_tlv_iter_begin
                0x0000000000006758       0x98 app/libapp.a(tlv.c.obj)
                0x0000000000006758                bootutil_tlv_iter_begin
 .text.bootutil_tlv_iter_next
                0x00000000000067f0       0x96 app/libapp.a(tlv.c.obj)
                0x00000000000067f0                bootutil_tlv_iter_next
 .text.boot_fih_memequal
                0x0000000000006886        0x4 app/libapp.a(bootutil_misc.c.obj)
                0x0000000000006886                boot_fih_memequal
 .text.boot_trailer_sz
                0x000000000000688a        0xa app/libapp.a(bootutil_misc.c.obj)
                0x000000000000688a                boot_trailer_sz
 .text.boot_status_entries
                0x0000000000006894       0x1c app/libapp.a(bootutil_misc.c.obj)
                0x0000000000006894                boot_status_entries
 .text.boot_status_off
                0x00000000000068b0       0x22 app/libapp.a(bootutil_misc.c.obj)
                0x00000000000068b0                boot_status_off
 .text.boot_write_copy_done
                0x00000000000068d2       0x10 app/libapp.a(bootutil_misc.c.obj)
                0x00000000000068d2                boot_write_copy_done
 .text.boot_write_swap_size
                0x00000000000068e2       0x1e app/libapp.a(bootutil_misc.c.obj)
                0x00000000000068e2                boot_write_swap_size
 .text.boot_read_image_headers
                0x0000000000006900       0x30 app/libapp.a(loader.c.obj)
 .text.boot_read_image_size.isra.0
                0x0000000000006930       0x82 app/libapp.a(loader.c.obj)
 .text.boot_read_sectors
                0x00000000000069b2       0x64 app/libapp.a(loader.c.obj)
 .text.boot_status_reset
                0x0000000000006a16       0x12 app/libapp.a(loader.c.obj)
                0x0000000000006a16                boot_status_reset
 .text.boot_status_is_reset
                0x0000000000006a28       0x1a app/libapp.a(loader.c.obj)
                0x0000000000006a28                boot_status_is_reset
 .text.boot_write_status
                0x0000000000006a42       0x6c app/libapp.a(loader.c.obj)
                0x0000000000006a42                boot_write_status
 .text.boot_erase_region
                0x0000000000006aae        0x4 app/libapp.a(loader.c.obj)
                0x0000000000006aae                boot_erase_region
 .text.swap_erase_trailer_sectors
                0x0000000000006ab2       0x6c app/libapp.a(swap_misc.c.obj)
                0x0000000000006ab2                swap_erase_trailer_sectors
 .text.swap_status_init
                0x0000000000006b1e       0x3e app/libapp.a(swap_misc.c.obj)
                0x0000000000006b1e                swap_status_init
 .text.swap_read_status
                0x0000000000006b5c       0x86 app/libapp.a(swap_misc.c.obj)
                0x0000000000006b5c                swap_read_status
 .text.swap_set_copy_done
                0x0000000000006be2       0x24 app/libapp.a(swap_misc.c.obj)
                0x0000000000006be2                swap_set_copy_done
 .text.swap_set_image_ok
                0x0000000000006c06       0x3c app/libapp.a(swap_misc.c.obj)
                0x0000000000006c06                swap_set_image_ok
 .text.boot_read_image_header
                0x0000000000006c42       0x36 app/libapp.a(swap_scratch.c.obj)
                0x0000000000006c42                boot_read_image_header
 .text.boot_status_internal_off
                0x0000000000006c78       0x16 app/libapp.a(swap_scratch.c.obj)
                0x0000000000006c78                boot_status_internal_off
 .text.sys_notify_validate
                0x0000000000006c8e       0x22 zephyr/libzephyr.a(notify.c.obj)
                0x0000000000006c8e                sys_notify_validate
 .text.sys_notify_finalize
                0x0000000000006cb0       0x1a zephyr/libzephyr.a(notify.c.obj)
                0x0000000000006cb0                sys_notify_finalize
 .text.arch_printk_char_out
                0x0000000000006cca        0x4 zephyr/libzephyr.a(printk.c.obj)
                0x0000000000006cca                arch_printk_char_out
 .text.printk   0x0000000000006cce       0x1a zephyr/libzephyr.a(printk.c.obj)
                0x0000000000006cce                printk
 .text.process_recheck
                0x0000000000006ce8       0x38 zephyr/libzephyr.a(onoff.c.obj)
 .text.notify_one
                0x0000000000006d20       0x2c zephyr/libzephyr.a(onoff.c.obj)
 .text.transition_complete
                0x0000000000006d4c       0x1c zephyr/libzephyr.a(onoff.c.obj)
 .text.validate_args
                0x0000000000006d68       0x1e zephyr/libzephyr.a(onoff.c.obj)
 .text.onoff_manager_init
                0x0000000000006d86       0x26 zephyr/libzephyr.a(onoff.c.obj)
                0x0000000000006d86                onoff_manager_init
 .text.onoff_request
                0x0000000000006dac       0x92 zephyr/libzephyr.a(onoff.c.obj)
                0x0000000000006dac                onoff_request
 .text.onoff_release
                0x0000000000006e3e       0x4a zephyr/libzephyr.a(onoff.c.obj)
                0x0000000000006e3e                onoff_release
 .text.z_thread_entry
                0x0000000000006e88       0x14 zephyr/libzephyr.a(thread_entry.c.obj)
                0x0000000000006e88                z_thread_entry
 .text._ConfigAbsSyms
                0x0000000000006e9c        0x2 zephyr/libzephyr.a(configs.c.obj)
                0x0000000000006e9c                _ConfigAbsSyms
 .text.z_log_minimal_printk
                0x0000000000006e9e       0x1a zephyr/libzephyr.a(log_minimal.c.obj)
                0x0000000000006e9e                z_log_minimal_printk
 .text.flash_area_close
                0x0000000000006eb8        0x2 zephyr/libzephyr.a(flash_map.c.obj)
                0x0000000000006eb8                flash_area_close
 .text.flash_area_read
                0x0000000000006eba       0x38 zephyr/libzephyr.a(flash_map.c.obj)
                0x0000000000006eba                flash_area_read
 .text.flash_area_write
                0x0000000000006ef2       0x38 zephyr/libzephyr.a(flash_map.c.obj)
                0x0000000000006ef2                flash_area_write
 .text.flash_area_erase
                0x0000000000006f2a       0x2e zephyr/libzephyr.a(flash_map.c.obj)
                0x0000000000006f2a                flash_area_erase
 .text.flash_area_align
                0x0000000000006f58       0x12 zephyr/libzephyr.a(flash_map.c.obj)
                0x0000000000006f58                flash_area_align
 .text.flash_area_erased_val
                0x0000000000006f6a       0x12 zephyr/libzephyr.a(flash_map.c.obj)
                0x0000000000006f6a                flash_area_erased_val
 .text.get_sectors_cb
                0x0000000000006f7c       0x3c zephyr/libzephyr.a(flash_map_layout.c.obj)
 .text.z_do_kernel_oops
                0x0000000000006fb8        0x8 zephyr/arch/arch/arm/core/aarch32/libarch__arm__core__aarch32.a(fatal.c.obj)
                0x0000000000006fb8                z_do_kernel_oops
 .text.z_irq_spurious
                0x0000000000006fc0        0x8 zephyr/arch/arch/arm/core/aarch32/libarch__arm__core__aarch32.a(irq_manage.c.obj)
                0x0000000000006fc0                z_irq_spurious
 .text.z_arm_nmi
                0x0000000000006fc8        0xe zephyr/arch/arch/arm/core/aarch32/libarch__arm__core__aarch32.a(nmi.c.obj)
                0x0000000000006fc8                z_arm_nmi
 .text.strcpy   0x0000000000006fd6       0x14 zephyr/lib/libc/minimal/liblib__libc__minimal.a(string.c.obj)
                0x0000000000006fd6                strcpy
 .text.strlen   0x0000000000006fea        0xe zephyr/lib/libc/minimal/liblib__libc__minimal.a(string.c.obj)
                0x0000000000006fea                strlen
 .text.strcmp   0x0000000000006ff8       0x18 zephyr/lib/libc/minimal/liblib__libc__minimal.a(string.c.obj)
                0x0000000000006ff8                strcmp
 .text.memcmp   0x0000000000007010       0x22 zephyr/lib/libc/minimal/liblib__libc__minimal.a(string.c.obj)
                0x0000000000007010                memcmp
 .text.memcpy   0x0000000000007032       0x16 zephyr/lib/libc/minimal/liblib__libc__minimal.a(string.c.obj)
                0x0000000000007032                memcpy
 .text.memset   0x0000000000007048       0x12 zephyr/lib/libc/minimal/liblib__libc__minimal.a(string.c.obj)
                0x0000000000007048                memset
 .text._stdout_hook_default
                0x000000000000705a        0x6 zephyr/lib/libc/minimal/liblib__libc__minimal.a(stdout_console.c.obj)
 .text.get_status
                0x0000000000007060       0x12 zephyr/drivers/clock_control/libdrivers__clock_control.a(clock_control_nrf.c.obj)
 .text.set_on_state
                0x0000000000007072       0x26 zephyr/drivers/clock_control/libdrivers__clock_control.a(clock_control_nrf.c.obj)
 .text.stop     0x0000000000007098       0x54 zephyr/drivers/clock_control/libdrivers__clock_control.a(clock_control_nrf.c.obj)
 .text.api_stop
                0x00000000000070ec        0x6 zephyr/drivers/clock_control/libdrivers__clock_control.a(clock_control_nrf.c.obj)
 .text.async_start
                0x00000000000070f2       0x60 zephyr/drivers/clock_control/libdrivers__clock_control.a(clock_control_nrf.c.obj)
 .text.api_start
                0x0000000000007152        0xe zephyr/drivers/clock_control/libdrivers__clock_control.a(clock_control_nrf.c.obj)
 .text.onoff_started_callback
                0x0000000000007160       0x12 zephyr/drivers/clock_control/libdrivers__clock_control.a(clock_control_nrf.c.obj)
 .text.lfclk_start
                0x0000000000007172        0x6 zephyr/drivers/clock_control/libdrivers__clock_control.a(clock_control_nrf.c.obj)
 .text.blocking_start_callback
                0x0000000000007178        0x6 zephyr/drivers/clock_control/libdrivers__clock_control.a(clock_control_nrf.c.obj)
 .text.lfclk_stop
                0x000000000000717e       0x10 zephyr/drivers/clock_control/libdrivers__clock_control.a(clock_control_nrf.c.obj)
 .text.timeout_handler
                0x000000000000718e        0x4 zephyr/drivers/clock_control/libdrivers__clock_control.a(nrf_clock_calibration.c.obj)
 .text.gpio_nrfx_port_get_raw
                0x0000000000007192        0xe zephyr/drivers/gpio/libdrivers__gpio.a(gpio_nrfx.c.obj)
 .text.gpio_nrfx_port_set_masked_raw
                0x00000000000071a0       0x16 zephyr/drivers/gpio/libdrivers__gpio.a(gpio_nrfx.c.obj)
 .text.gpio_nrfx_port_set_bits_raw
                0x00000000000071b6        0xc zephyr/drivers/gpio/libdrivers__gpio.a(gpio_nrfx.c.obj)
 .text.gpio_nrfx_port_clear_bits_raw
                0x00000000000071c2        0xc zephyr/drivers/gpio/libdrivers__gpio.a(gpio_nrfx.c.obj)
 .text.gpio_nrfx_port_toggle_bits
                0x00000000000071ce       0x12 zephyr/drivers/gpio/libdrivers__gpio.a(gpio_nrfx.c.obj)
 .text.gpio_nrfx_manage_callback
                0x00000000000071e0       0x54 zephyr/drivers/gpio/libdrivers__gpio.a(gpio_nrfx.c.obj)
 .text.spi_context_get_next_buf.constprop.0
                0x0000000000007234       0x22 zephyr/drivers/spi/libdrivers__spi.a(spi_nrfx_spim.c.obj)
 .text.gpio_pin_set_dt.isra.0
                0x0000000000007256       0x28 zephyr/drivers/spi/libdrivers__spi.a(spi_nrfx_spim.c.obj)
 .text._spi_context_cs_control
                0x000000000000727e       0x44 zephyr/drivers/spi/libdrivers__spi.a(spi_nrfx_spim.c.obj)
 .text.spi_context_unlock_unconditionally
                0x00000000000072c2       0x20 zephyr/drivers/spi/libdrivers__spi.a(spi_nrfx_spim.c.obj)
 .text.spi_nrfx_release
                0x00000000000072e2       0x24 zephyr/drivers/spi/libdrivers__spi.a(spi_nrfx_spim.c.obj)
 .text.spi_nor_pages_layout
                0x0000000000007306        0xc zephyr/drivers/flash/libdrivers__flash.a(spi_nor.c.obj)
 .text.release_device.isra.0
                0x0000000000007312        0x4 zephyr/drivers/flash/libdrivers__flash.a(spi_nor.c.obj)
 .text.acquire_device.isra.0
                0x0000000000007316        0xc zephyr/drivers/flash/libdrivers__flash.a(spi_nor.c.obj)
 .text.spi_nor_access
                0x0000000000007322       0x8e zephyr/drivers/flash/libdrivers__flash.a(spi_nor.c.obj)
 .text.spi_nor_write_protection_set
                0x00000000000073b0       0x20 zephyr/drivers/flash/libdrivers__flash.a(spi_nor.c.obj)
 .text.spi_nor_read
                0x00000000000073d0       0x40 zephyr/drivers/flash/libdrivers__flash.a(spi_nor.c.obj)
 .text.spi_nor_wait_until_ready.isra.0
                0x0000000000007410       0x28 zephyr/drivers/flash/libdrivers__flash.a(spi_nor.c.obj)
 .text.spi_nor_write
                0x0000000000007438       0xac zephyr/drivers/flash/libdrivers__flash.a(spi_nor.c.obj)
 .text.spi_nor_erase
                0x00000000000074e4       0xfa zephyr/drivers/flash/libdrivers__flash.a(spi_nor.c.obj)
 .text.is_regular_addr_valid
                0x00000000000075de       0x22 zephyr/drivers/flash/libdrivers__flash.a(soc_flash_nrf.c.obj)
 .text.flash_page_foreach
                0x0000000000007600       0x58 zephyr/drivers/flash/libdrivers__flash.a(flash_page_layout.c.obj)
                0x0000000000007600                flash_page_foreach
 .text.jesd216_bfp_erase
                0x0000000000007658       0x26 zephyr/drivers/flash/libdrivers__flash.a(jesd216.c.obj)
                0x0000000000007658                jesd216_bfp_erase
 .text.uart_nrfx_config_get
                0x000000000000767e       0x10 zephyr/drivers/serial/libdrivers__serial.a(uart_nrfx_uart.c.obj)
 .text.pinctrl_lookup_state
                0x000000000000768e       0x30 zephyr/drivers/pinctrl/libdrivers__pinctrl.a(common.c.obj)
                0x000000000000768e                pinctrl_lookup_state
 .text.nrf_gpio_pin_write
                0x00000000000076be        0xa zephyr/drivers/pinctrl/libdrivers__pinctrl.a(pinctrl_nrf.c.obj)
 .text.pinctrl_configure_pins
                0x00000000000076c8       0xf4 zephyr/drivers/pinctrl/libdrivers__pinctrl.a(pinctrl_nrf.c.obj)
                0x00000000000076c8                pinctrl_configure_pins
 .text.fprotect_set_permission
                0x00000000000077bc       0x7e modules/nrf/lib/fprotect/lib..__nrf__lib__fprotect.a(fprotect_acl.c.obj)
 .text.fprotect_area
                0x000000000000783a        0x6 modules/nrf/lib/fprotect/lib..__nrf__lib__fprotect.a(fprotect_acl.c.obj)
                0x000000000000783a                fprotect_area
 .text.bootutil_buffer_is_erased.part.0
                0x0000000000007840       0x22 modules/mcuboot/boot/bootutil/zephyr/libmcuboot_util.a(bootutil_public.c.obj)
 .text.boot_swap_info_off
                0x0000000000007862        0xc modules/mcuboot/boot/bootutil/zephyr/libmcuboot_util.a(bootutil_public.c.obj)
                0x0000000000007862                boot_swap_info_off
 .text.boot_magic_compatible_check
                0x000000000000786e       0x1c modules/mcuboot/boot/bootutil/zephyr/libmcuboot_util.a(bootutil_public.c.obj)
                0x000000000000786e                boot_magic_compatible_check
 .text.bootutil_buffer_is_erased
                0x000000000000788a        0xc modules/mcuboot/boot/bootutil/zephyr/libmcuboot_util.a(bootutil_public.c.obj)
                0x000000000000788a                bootutil_buffer_is_erased
 .text.boot_read_flag
                0x0000000000007896       0x3a modules/mcuboot/boot/bootutil/zephyr/libmcuboot_util.a(bootutil_public.c.obj)
 .text.boot_write_trailer
                0x00000000000078d0       0x58 modules/mcuboot/boot/bootutil/zephyr/libmcuboot_util.a(bootutil_public.c.obj)
                0x00000000000078d0                boot_write_trailer
 .text.boot_write_trailer_flag
                0x0000000000007928       0x14 modules/mcuboot/boot/bootutil/zephyr/libmcuboot_util.a(bootutil_public.c.obj)
                0x0000000000007928                boot_write_trailer_flag
 .text.boot_write_image_ok
                0x000000000000793c        0xe modules/mcuboot/boot/bootutil/zephyr/libmcuboot_util.a(bootutil_public.c.obj)
                0x000000000000793c                boot_write_image_ok
 .text.boot_read_image_ok
                0x000000000000794a        0xc modules/mcuboot/boot/bootutil/zephyr/libmcuboot_util.a(bootutil_public.c.obj)
                0x000000000000794a                boot_read_image_ok
 .text.boot_read_swap_state_by_id
                0x0000000000007956       0x28 modules/mcuboot/boot/bootutil/zephyr/libmcuboot_util.a(bootutil_public.c.obj)
                0x0000000000007956                boot_read_swap_state_by_id
 .text.boot_write_swap_info
                0x000000000000797e       0x22 modules/mcuboot/boot/bootutil/zephyr/libmcuboot_util.a(bootutil_public.c.obj)
                0x000000000000797e                boot_write_swap_info
 .text._mbedtls_init
                0x00000000000079a0        0x4 modules/mbedtls/libmodules__mbedtls.a(zephyr_init.c.obj)
 .text.mbedtls_asn1_get_len
                0x00000000000079a4       0x90 modules/mbedtls/libmodules__mbedtls.a(asn1parse.c.obj)
                0x00000000000079a4                mbedtls_asn1_get_len
 .text.mbedtls_asn1_get_tag
                0x0000000000007a34       0x28 modules/mbedtls/libmodules__mbedtls.a(asn1parse.c.obj)
                0x0000000000007a34                mbedtls_asn1_get_tag
 .text.mbedtls_asn1_get_mpi
                0x0000000000007a5c       0x26 modules/mbedtls/libmodules__mbedtls.a(asn1parse.c.obj)
                0x0000000000007a5c                mbedtls_asn1_get_mpi
 .text.mpi_safe_cond_assign
                0x0000000000007a82       0x24 modules/mbedtls/libmodules__mbedtls.a(bignum.c.obj)
 .text.mpi_mul_hlp
                0x0000000000007aa6      0x338 modules/mbedtls/libmodules__mbedtls.a(bignum.c.obj)
 .text.mpi_montmul
                0x0000000000007dde       0xec modules/mbedtls/libmodules__mbedtls.a(bignum.c.obj)
 .text.mpi_bigendian_to_host.part.0
                0x0000000000007eca       0x52 modules/mbedtls/libmodules__mbedtls.a(bignum.c.obj)
 .text.mbedtls_mpi_init
                0x0000000000007f1c        0xc modules/mbedtls/libmodules__mbedtls.a(bignum.c.obj)
                0x0000000000007f1c                mbedtls_mpi_init
 .text.mbedtls_mpi_free
                0x0000000000007f28       0x24 modules/mbedtls/libmodules__mbedtls.a(bignum.c.obj)
                0x0000000000007f28                mbedtls_mpi_free
 .text.mbedtls_mpi_grow
                0x0000000000007f4c       0x4c modules/mbedtls/libmodules__mbedtls.a(bignum.c.obj)
                0x0000000000007f4c                mbedtls_mpi_grow
 .text.mbedtls_mpi_resize_clear
                0x0000000000007f98       0x36 modules/mbedtls/libmodules__mbedtls.a(bignum.c.obj)
 .text.mbedtls_mpi_copy
                0x0000000000007fce       0x64 modules/mbedtls/libmodules__mbedtls.a(bignum.c.obj)
                0x0000000000007fce                mbedtls_mpi_copy
 .text.mbedtls_mpi_safe_cond_assign
                0x0000000000008032       0x58 modules/mbedtls/libmodules__mbedtls.a(bignum.c.obj)
                0x0000000000008032                mbedtls_mpi_safe_cond_assign
 .text.mbedtls_mpi_lset
                0x000000000000808a       0x38 modules/mbedtls/libmodules__mbedtls.a(bignum.c.obj)
                0x000000000000808a                mbedtls_mpi_lset
 .text.mbedtls_mpi_get_bit
                0x00000000000080c2       0x22 modules/mbedtls/libmodules__mbedtls.a(bignum.c.obj)
                0x00000000000080c2                mbedtls_mpi_get_bit
 .text.mbedtls_mpi_bitlen
                0x00000000000080e4       0x38 modules/mbedtls/libmodules__mbedtls.a(bignum.c.obj)
                0x00000000000080e4                mbedtls_mpi_bitlen
 .text.mbedtls_mpi_size
                0x000000000000811c        0xc modules/mbedtls/libmodules__mbedtls.a(bignum.c.obj)
                0x000000000000811c                mbedtls_mpi_size
 .text.mbedtls_mpi_read_binary
                0x0000000000008128       0x42 modules/mbedtls/libmodules__mbedtls.a(bignum.c.obj)
                0x0000000000008128                mbedtls_mpi_read_binary
 .text.mbedtls_mpi_write_binary
                0x000000000000816a       0x6c modules/mbedtls/libmodules__mbedtls.a(bignum.c.obj)
                0x000000000000816a                mbedtls_mpi_write_binary
 .text.mbedtls_mpi_shift_l
                0x00000000000081d6       0xa4 modules/mbedtls/libmodules__mbedtls.a(bignum.c.obj)
                0x00000000000081d6                mbedtls_mpi_shift_l
 .text.mbedtls_mpi_shift_r
                0x000000000000827a       0x78 modules/mbedtls/libmodules__mbedtls.a(bignum.c.obj)
                0x000000000000827a                mbedtls_mpi_shift_r
 .text.mbedtls_mpi_cmp_abs
                0x00000000000082f2       0x66 modules/mbedtls/libmodules__mbedtls.a(bignum.c.obj)
                0x00000000000082f2                mbedtls_mpi_cmp_abs
 .text.mbedtls_mpi_cmp_mpi
                0x0000000000008358       0x82 modules/mbedtls/libmodules__mbedtls.a(bignum.c.obj)
                0x0000000000008358                mbedtls_mpi_cmp_mpi
 .text.mbedtls_mpi_cmp_int
                0x00000000000083da       0x2c modules/mbedtls/libmodules__mbedtls.a(bignum.c.obj)
                0x00000000000083da                mbedtls_mpi_cmp_int
 .text.mbedtls_mpi_add_abs
                0x0000000000008406       0xae modules/mbedtls/libmodules__mbedtls.a(bignum.c.obj)
                0x0000000000008406                mbedtls_mpi_add_abs
 .text.mbedtls_mpi_sub_abs
                0x00000000000084b4       0xde modules/mbedtls/libmodules__mbedtls.a(bignum.c.obj)
                0x00000000000084b4                mbedtls_mpi_sub_abs
 .text.mbedtls_mpi_add_mpi
                0x0000000000008592       0x44 modules/mbedtls/libmodules__mbedtls.a(bignum.c.obj)
                0x0000000000008592                mbedtls_mpi_add_mpi
 .text.mbedtls_mpi_sub_mpi
                0x00000000000085d6       0x46 modules/mbedtls/libmodules__mbedtls.a(bignum.c.obj)
                0x00000000000085d6                mbedtls_mpi_sub_mpi
 .text.mbedtls_mpi_mul_int
                0x000000000000861c       0x5c modules/mbedtls/libmodules__mbedtls.a(bignum.c.obj)
                0x000000000000861c                mbedtls_mpi_mul_int
 .text.mbedtls_mpi_div_mpi
                0x0000000000008678      0x34a modules/mbedtls/libmodules__mbedtls.a(bignum.c.obj)
                0x0000000000008678                mbedtls_mpi_div_mpi
 .text.mbedtls_mpi_mod_mpi
                0x00000000000089c2       0x64 modules/mbedtls/libmodules__mbedtls.a(bignum.c.obj)
                0x00000000000089c2                mbedtls_mpi_mod_mpi
 .text.mbedtls_mpi_exp_mod
                0x0000000000008a26      0x452 modules/mbedtls/libmodules__mbedtls.a(bignum.c.obj)
                0x0000000000008a26                mbedtls_mpi_exp_mod
 .text.platform_calloc_uninit
                0x0000000000008e78        0x4 modules/mbedtls/libmodules__mbedtls.a(platform.c.obj)
 .text.platform_exit_uninit
                0x0000000000008e7c        0x2 modules/mbedtls/libmodules__mbedtls.a(platform.c.obj)
 .text.platform_free_uninit
                0x0000000000008e7e        0x2 modules/mbedtls/libmodules__mbedtls.a(platform.c.obj)
 .text.mbedtls_rsa_import
                0x0000000000008e80       0x88 modules/mbedtls/libmodules__mbedtls.a(rsa.c.obj)
                0x0000000000008e80                mbedtls_rsa_import
 .text.mbedtls_rsa_init
                0x0000000000008f08       0x14 modules/mbedtls/libmodules__mbedtls.a(rsa.c.obj)
                0x0000000000008f08                mbedtls_rsa_init
 .text.mbedtls_rsa_free
                0x0000000000008f1c       0x72 modules/mbedtls/libmodules__mbedtls.a(rsa.c.obj)
                0x0000000000008f1c                mbedtls_rsa_free
 .text.mbedtls_sha256_init
                0x0000000000008f8e        0x8 modules/mbedtls/libmodules__mbedtls.a(sha256.c.obj)
                0x0000000000008f8e                mbedtls_sha256_init
 .text.mbedtls_sha256_update
                0x0000000000008f96       0x7a modules/mbedtls/libmodules__mbedtls.a(sha256.c.obj)
                0x0000000000008f96                mbedtls_sha256_update
 .text.mbedtls_sha256_finish
                0x0000000000009010      0x106 modules/mbedtls/libmodules__mbedtls.a(sha256.c.obj)
                0x0000000000009010                mbedtls_sha256_finish
 .text.nrfx_isr
                0x0000000000009116        0x2 modules/hal_nordic/nrfx/libmodules__hal_nordic__nrfx.a(nrfx_glue.c.obj)
                0x0000000000009116                nrfx_isr
 .text.nrfx_busy_wait
                0x0000000000009118        0x4 modules/hal_nordic/nrfx/libmodules__hal_nordic__nrfx.a(nrfx_glue.c.obj)
                0x0000000000009118                nrfx_busy_wait
 .text.clock_stop
                0x000000000000911c       0x96 modules/hal_nordic/nrfx/libmodules__hal_nordic__nrfx.a(nrfx_clock.c.obj)
 .text.nrfx_clock_enable
                0x00000000000091b2       0x1a modules/hal_nordic/nrfx/libmodules__hal_nordic__nrfx.a(nrfx_clock.c.obj)
                0x00000000000091b2                nrfx_clock_enable
 .text.nrfx_clock_start
                0x00000000000091cc       0x70 modules/hal_nordic/nrfx/libmodules__hal_nordic__nrfx.a(nrfx_clock.c.obj)
                0x00000000000091cc                nrfx_clock_start
 .text.nrfx_clock_stop
                0x000000000000923c        0x4 modules/hal_nordic/nrfx/libmodules__hal_nordic__nrfx.a(nrfx_clock.c.obj)
                0x000000000000923c                nrfx_clock_stop
 .text.nrf_gpio_reconfigure
                0x0000000000009240       0x8e modules/hal_nordic/nrfx/libmodules__hal_nordic__nrfx.a(nrfx_gpiote.c.obj)
 .text.nrf_gpio_cfg_sense_set
                0x00000000000092ce       0x1e modules/hal_nordic/nrfx/libmodules__hal_nordic__nrfx.a(nrfx_gpiote.c.obj)
 .text.nrfx_nvmc_flash_size_get
                0x00000000000092ec        0xc modules/hal_nordic/nrfx/libmodules__hal_nordic__nrfx.a(nrfx_nvmc.c.obj)
                0x00000000000092ec                nrfx_nvmc_flash_size_get
 .text.nrfx_nvmc_flash_page_size_get
                0x00000000000092f8        0x8 modules/hal_nordic/nrfx/libmodules__hal_nordic__nrfx.a(nrfx_nvmc.c.obj)
                0x00000000000092f8                nrfx_nvmc_flash_page_size_get
 .text.nrfx_nvmc_flash_page_count_get
                0x0000000000009300        0x8 modules/hal_nordic/nrfx/libmodules__hal_nordic__nrfx.a(nrfx_nvmc.c.obj)
                0x0000000000009300                nrfx_nvmc_flash_page_count_get
 .text.nrf_gpio_cfg_default
                0x0000000000009308       0x1c modules/hal_nordic/nrfx/libmodules__hal_nordic__nrfx.a(nrfx_spim.c.obj)
 .text.nrf_gpio_pin_write
                0x0000000000009324       0x2c modules/hal_nordic/nrfx/libmodules__hal_nordic__nrfx.a(nrfx_spim.c.obj)
 .text.set_ss_pin_state
                0x0000000000009350       0x18 modules/hal_nordic/nrfx/libmodules__hal_nordic__nrfx.a(nrfx_spim.c.obj)
 .text.SEGGER_RTT_Init
                0x0000000000009368        0x4 modules/segger/libmodules__segger.a(SEGGER_RTT.c.obj)
                0x0000000000009368                SEGGER_RTT_Init
 .text.rtt_init
                0x000000000000936c        0xa modules/segger/libmodules__segger.a(SEGGER_RTT_zephyr.c.obj)
 .text.z_device_state_init
                0x0000000000009376        0x2 zephyr/kernel/libkernel.a(device.c.obj)
                0x0000000000009376                z_device_state_init
 .text.z_device_is_ready
                0x0000000000009378       0x14 zephyr/kernel/libkernel.a(device.c.obj)
                0x0000000000009378                z_device_is_ready
 .text.z_early_memset
                0x000000000000938c        0x4 zephyr/kernel/libkernel.a(init.c.obj)
                0x000000000000938c                z_early_memset
 .text.z_early_memcpy
                0x0000000000009390        0x4 zephyr/kernel/libkernel.a(init.c.obj)
                0x0000000000009390                z_early_memcpy
 .text.k_is_in_isr
                0x0000000000009394        0xc zephyr/kernel/libkernel.a(thread.c.obj)
                0x0000000000009394                k_is_in_isr
 .text.z_impl_k_thread_name_set
                0x00000000000093a0        0x6 zephyr/kernel/libkernel.a(thread.c.obj)
                0x00000000000093a0                z_impl_k_thread_name_set
 .text.k_thread_name_get
                0x00000000000093a6        0x4 zephyr/kernel/libkernel.a(thread.c.obj)
                0x00000000000093a6                k_thread_name_get
 .text.z_impl_k_thread_start
                0x00000000000093aa        0x4 zephyr/kernel/libkernel.a(thread.c.obj)
                0x00000000000093aa                z_impl_k_thread_start
 .text.idle     0x00000000000093ae       0x18 zephyr/kernel/libkernel.a(idle.c.obj)
                0x00000000000093ae                idle
 .text.adjust_owner_prio.isra.0
                0x00000000000093c6       0x10 zephyr/kernel/libkernel.a(mutex.c.obj)
 .text.z_impl_k_mutex_init
                0x00000000000093d6        0xe zephyr/kernel/libkernel.a(mutex.c.obj)
                0x00000000000093d6                z_impl_k_mutex_init
 .text.z_impl_k_sem_init
                0x00000000000093e4       0x18 zephyr/kernel/libkernel.a(sem.c.obj)
                0x00000000000093e4                z_impl_k_sem_init
 .text.flag_test_and_clear
                0x00000000000093fc       0x16 zephyr/kernel/libkernel.a(work.c.obj)
 .text.notify_queue_locked.isra.0
                0x0000000000009412        0xe zephyr/kernel/libkernel.a(work.c.obj)
 .text.k_work_submit_to_queue
                0x0000000000009420       0x44 zephyr/kernel/libkernel.a(work.c.obj)
                0x0000000000009420                k_work_submit_to_queue
 .text.sys_dlist_remove
                0x0000000000009464       0x10 zephyr/kernel/libkernel.a(sched.c.obj)
 .text.unpend_thread_no_timeout
                0x0000000000009474       0x14 zephyr/kernel/libkernel.a(sched.c.obj)
 .text.z_unpend_thread_no_timeout
                0x0000000000009488       0x20 zephyr/kernel/libkernel.a(sched.c.obj)
                0x0000000000009488                z_unpend_thread_no_timeout
 .text.z_reschedule_irqlock
                0x00000000000094a8       0x18 zephyr/kernel/libkernel.a(sched.c.obj)
                0x00000000000094a8                z_reschedule_irqlock
 .text.z_reschedule_unlocked
                0x00000000000094c0       0x14 zephyr/kernel/libkernel.a(sched.c.obj)
 .text.z_priq_dumb_best
                0x00000000000094d4        0xc zephyr/kernel/libkernel.a(sched.c.obj)
                0x00000000000094d4                z_priq_dumb_best
 .text.z_ready_thread
                0x00000000000094e0       0x20 zephyr/kernel/libkernel.a(sched.c.obj)
                0x00000000000094e0                z_ready_thread
 .text.z_thread_timeout
                0x0000000000009500       0x44 zephyr/kernel/libkernel.a(sched.c.obj)
                0x0000000000009500                z_thread_timeout
 .text.add_to_waitq_locked
                0x0000000000009544       0x54 zephyr/kernel/libkernel.a(sched.c.obj)
 .text.z_unpend1_no_timeout
                0x0000000000009598       0x2a zephyr/kernel/libkernel.a(sched.c.obj)
                0x0000000000009598                z_unpend1_no_timeout
 .text.z_unpend_first_thread
                0x00000000000095c2       0x30 zephyr/kernel/libkernel.a(sched.c.obj)
                0x00000000000095c2                z_unpend_first_thread
 .text.z_sched_wake
                0x00000000000095f2       0x3a zephyr/kernel/libkernel.a(sched.c.obj)
                0x00000000000095f2                z_sched_wake
 .text.z_abort_timeout
                0x000000000000962c       0x2c zephyr/kernel/libkernel.a(timeout.c.obj)
                0x000000000000962c                z_abort_timeout
 .text.z_set_timeout_expiry
                0x0000000000009658       0x34 zephyr/kernel/libkernel.a(timeout.c.obj)
                0x0000000000009658                z_set_timeout_expiry
 .text.sys_clock_tick_get_32
                0x000000000000968c        0x8 zephyr/kernel/libkernel.a(timeout.c.obj)
                0x000000000000968c                sys_clock_tick_get_32
 .text.z_impl_k_uptime_ticks
                0x0000000000009694        0x4 zephyr/kernel/libkernel.a(timeout.c.obj)
                0x0000000000009694                z_impl_k_uptime_ticks
 .text.z_impl_k_busy_wait
                0x0000000000009698        0x8 zephyr/kernel/libkernel.a(timeout.c.obj)
                0x0000000000009698                z_impl_k_busy_wait
 .text.z_impl_k_timer_stop
                0x00000000000096a0       0x3a zephyr/kernel/libkernel.a(timer.c.obj)
                0x00000000000096a0                z_impl_k_timer_stop
 .text._OffsetAbsSyms
                0x00000000000096da        0x2 zephyr/CMakeFiles/offsets.dir/./arch/arm/core/offsets/offsets.c.obj
                0x00000000000096da                _OffsetAbsSyms
 *(SORT_BY_ALIGNMENT(.TEXT.*))
 .TEXT.z_arm_platform_init
                0x00000000000096dc        0x4 zephyr/libzephyr.a(soc_nrf_common.S.obj)
                0x00000000000096dc                z_arm_platform_init
 *(SORT_BY_ALIGNMENT(.gnu.linkonce.t.*))
 *(SORT_BY_ALIGNMENT(.glue_7t))
 .glue_7t       0x00000000000096e0        0x0 linker stubs
 *(SORT_BY_ALIGNMENT(.glue_7))
 .glue_7        0x00000000000096e0        0x0 linker stubs
 *(SORT_BY_ALIGNMENT(.vfp11_veneer))
 .vfp11_veneer  0x00000000000096e0        0x0 linker stubs
 *(SORT_BY_ALIGNMENT(.v4_bx))
 .v4_bx         0x00000000000096e0        0x0 linker stubs
                0x00000000000096e0                __text_region_end = .

.ARM.exidx      0x00000000000096e0        0x8
                0x00000000000096e0                __exidx_start = .
 *(SORT_BY_ALIGNMENT(.ARM.exidx*) SORT_BY_ALIGNMENT(gnu.linkonce.armexidx.*))
 .ARM.exidx     0x00000000000096e0        0x8 c:/users/songdian/ncs2/toolchains/v2.0.2/opt/zephyr-sdk/arm-zephyr-eabi/bin/../lib/gcc/arm-zephyr-eabi/10.3.0/thumb/v7e-m/nofp\libgcc.a(_udivmoddi4.o)
                0x00000000000096e8                __exidx_end = .
                0x00000000000096e8                __rodata_region_start = .

initlevel       0x00000000000096e8       0x78
                0x00000000000096e8                __init_start = .
                0x00000000000096e8                __init_PRE_KERNEL_1_start = .
 *(SORT_BY_NAME(SORT_BY_ALIGNMENT(.z_init_PRE_KERNEL_1[0-9]_*)))
 .z_init_PRE_KERNEL_10_
                0x00000000000096e8        0x8 zephyr/soc/arm/nordic_nrf/nrf52/libsoc__arm__nordic_nrf__nrf52.a(soc.c.obj)
 *(SORT_BY_NAME(SORT_BY_ALIGNMENT(.z_init_PRE_KERNEL_1[1-9][0-9]_*)))
 .z_init_PRE_KERNEL_130_
                0x00000000000096f0        0x8 zephyr/drivers/clock_control/libdrivers__clock_control.a(clock_control_nrf.c.obj)
 .z_init_PRE_KERNEL_130_
                0x00000000000096f8        0x8 modules/segger/libmodules__segger.a(SEGGER_RTT_zephyr.c.obj)
 .z_init_PRE_KERNEL_140_
                0x0000000000009700       0x10 zephyr/drivers/gpio/libdrivers__gpio.a(gpio_nrfx.c.obj)
 .z_init_PRE_KERNEL_155_
                0x0000000000009710        0x8 zephyr/drivers/serial/libdrivers__serial.a(uart_nrfx_uart.c.obj)
 .z_init_PRE_KERNEL_160_
                0x0000000000009718        0x8 zephyr/drivers/console/libdrivers__console.a(uart_console.c.obj)
                0x0000000000009720                __init_PRE_KERNEL_2_start = .
 *(SORT_BY_NAME(SORT_BY_ALIGNMENT(.z_init_PRE_KERNEL_2[0-9]_*)))
 .z_init_PRE_KERNEL_20_
                0x0000000000009720        0x8 zephyr/drivers/timer/libdrivers__timer.a(nrf_rtc_timer.c.obj)
 *(SORT_BY_NAME(SORT_BY_ALIGNMENT(.z_init_PRE_KERNEL_2[1-9][0-9]_*)))
                0x0000000000009728                __init_POST_KERNEL_start = .
 *(SORT_BY_NAME(SORT_BY_ALIGNMENT(.z_init_POST_KERNEL[0-9]_*)))
 .z_init_POST_KERNEL0_
                0x0000000000009728        0x8 modules/mbedtls/libmodules__mbedtls.a(zephyr_init.c.obj)
 *(SORT_BY_NAME(SORT_BY_ALIGNMENT(.z_init_POST_KERNEL[1-9][0-9]_*)))
 .z_init_POST_KERNEL40_
                0x0000000000009730        0x8 zephyr/kernel/libkernel.a(system_work_q.c.obj)
 .z_init_POST_KERNEL50_
                0x0000000000009738        0x8 zephyr/drivers/flash/libdrivers__flash.a(soc_flash_nrf.c.obj)
 .z_init_POST_KERNEL70_
                0x0000000000009740        0x8 zephyr/drivers/spi/libdrivers__spi.a(spi_nrfx_spim.c.obj)
 .z_init_POST_KERNEL80_
                0x0000000000009748        0x8 zephyr/drivers/flash/libdrivers__flash.a(spi_nor.c.obj)
 .z_init_POST_KERNEL90_
                0x0000000000009750        0x8 zephyr/drivers/sensor/nrf5/libdrivers__sensor__nrf5.a(temp_nrf5.c.obj)
                0x0000000000009758                __init_APPLICATION_start = .
 *(SORT_BY_NAME(SORT_BY_ALIGNMENT(.z_init_APPLICATION[0-9]_*)))
 .z_init_APPLICATION0_
                0x0000000000009758        0x8 zephyr/drivers/clock_control/libdrivers__clock_control.a(nrf_clock_calibration.c.obj)
 *(SORT_BY_NAME(SORT_BY_ALIGNMENT(.z_init_APPLICATION[1-9][0-9]_*)))
                0x0000000000009760                __init_SMP_start = .
 *(SORT_BY_NAME(SORT_BY_ALIGNMENT(.z_init_SMP[0-9]_*)))
 *(SORT_BY_NAME(SORT_BY_ALIGNMENT(.z_init_SMP[1-9][0-9]_*)))
                0x0000000000009760                __init_end = .

devices         0x0000000000009760       0xc0
                0x0000000000009760                __device_start = .
                0x0000000000009760                __device_PRE_KERNEL_1_start = .
 *(SORT_BY_NAME(SORT_BY_ALIGNMENT(.z_device_PRE_KERNEL_1[0-9]_*)))
 *(SORT_BY_NAME(SORT_BY_ALIGNMENT(.z_device_PRE_KERNEL_1[1-9][0-9]_*)))
 .z_device_PRE_KERNEL_130_
                0x0000000000009760       0x18 zephyr/drivers/clock_control/libdrivers__clock_control.a(clock_control_nrf.c.obj)
                0x0000000000009760                __device_dts_ord_47
 .z_device_PRE_KERNEL_140_
                0x0000000000009778       0x30 zephyr/drivers/gpio/libdrivers__gpio.a(gpio_nrfx.c.obj)
                0x0000000000009778                __device_dts_ord_9
                0x0000000000009790                __device_dts_ord_57
 .z_device_PRE_KERNEL_155_
                0x00000000000097a8       0x18 zephyr/drivers/serial/libdrivers__serial.a(uart_nrfx_uart.c.obj)
                0x00000000000097a8                __device_dts_ord_86
                0x00000000000097c0                __device_PRE_KERNEL_2_start = .
 *(SORT_BY_NAME(SORT_BY_ALIGNMENT(.z_device_PRE_KERNEL_2[0-9]_*)))
 *(SORT_BY_NAME(SORT_BY_ALIGNMENT(.z_device_PRE_KERNEL_2[1-9][0-9]_*)))
                0x00000000000097c0                __device_POST_KERNEL_start = .
 *(SORT_BY_NAME(SORT_BY_ALIGNMENT(.z_device_POST_KERNEL[0-9]_*)))
 *(SORT_BY_NAME(SORT_BY_ALIGNMENT(.z_device_POST_KERNEL[1-9][0-9]_*)))
 .z_device_POST_KERNEL50_
                0x00000000000097c0       0x18 zephyr/drivers/flash/libdrivers__flash.a(soc_flash_nrf.c.obj)
                0x00000000000097c0                __device_dts_ord_91
 .z_device_POST_KERNEL70_
                0x00000000000097d8       0x18 zephyr/drivers/spi/libdrivers__spi.a(spi_nrfx_spim.c.obj)
                0x00000000000097d8                __device_dts_ord_20
 .z_device_POST_KERNEL80_
                0x00000000000097f0       0x18 zephyr/drivers/flash/libdrivers__flash.a(spi_nor.c.obj)
                0x00000000000097f0                __device_dts_ord_21
 .z_device_POST_KERNEL90_
                0x0000000000009808       0x18 zephyr/drivers/sensor/nrf5/libdrivers__sensor__nrf5.a(temp_nrf5.c.obj)
                0x0000000000009808                __device_dts_ord_80
                0x0000000000009820                __device_APPLICATION_start = .
 *(SORT_BY_NAME(SORT_BY_ALIGNMENT(.z_device_APPLICATION[0-9]_*)))
 *(SORT_BY_NAME(SORT_BY_ALIGNMENT(.z_device_APPLICATION[1-9][0-9]_*)))
                0x0000000000009820                __device_SMP_start = .
 *(SORT_BY_NAME(SORT_BY_ALIGNMENT(.z_device_SMP[0-9]_*)))
 *(SORT_BY_NAME(SORT_BY_ALIGNMENT(.z_device_SMP[1-9][0-9]_*)))
                0x0000000000009820                __device_end = .

sw_isr_table    0x0000000000009820      0x180
                0x0000000000009820                . = ALIGN (0x0)
 *(SORT_BY_ALIGNMENT(.gnu.linkonce.sw_isr_table*))
 .gnu.linkonce.sw_isr_table
                0x0000000000009820      0x180 zephyr/arch/common/libisr_tables.a(isr_tables.c.obj)
                0x0000000000009820                _sw_isr_table

initlevel_error
                0x00000000000096e8        0x0
 *(SORT_BY_NAME(SORT_BY_ALIGNMENT(.z_init_[_A-Z0-9]*)))
                0x0000000000000001                ASSERT ((SIZEOF (initlevel_error) == 0x0), Undefined initialization levels used.)

app_shmem_regions
                0x00000000000099a0        0x0
                0x00000000000099a0                __app_shmem_regions_start = .
 *(SORT_BY_NAME(SORT_BY_ALIGNMENT(.app_regions.*)))
                0x00000000000099a0                __app_shmem_regions_end = .

bt_l2cap_fixed_chan_area
                0x00000000000099a0        0x0
                0x00000000000099a0                _bt_l2cap_fixed_chan_list_start = .
 *(SORT_BY_NAME(SORT_BY_ALIGNMENT(._bt_l2cap_fixed_chan.static.*)))
                0x00000000000099a0                _bt_l2cap_fixed_chan_list_end = .

bt_gatt_service_static_area
                0x00000000000099a0        0x0
                0x00000000000099a0                _bt_gatt_service_static_list_start = .
 *(SORT_BY_NAME(SORT_BY_ALIGNMENT(._bt_gatt_service_static.static.*)))
                0x00000000000099a0                _bt_gatt_service_static_list_end = .

k_p4wq_initparam_area
                0x00000000000099a0        0x0
                0x00000000000099a0                _k_p4wq_initparam_list_start = .
 *(SORT_BY_NAME(SORT_BY_ALIGNMENT(._k_p4wq_initparam.static.*)))
                0x00000000000099a0                _k_p4wq_initparam_list_end = .

log_strings_sections
                0x00000000000099a0        0x0
                0x00000000000099a0                __log_strings_start = .
 *(SORT_BY_NAME(SORT_BY_ALIGNMENT(.log_strings*)))
                0x00000000000099a0                __log_strings_end = .

log_const_sections
                0x00000000000099a0       0x50
                0x00000000000099a0                __log_const_start = .
 *(SORT_BY_NAME(SORT_BY_ALIGNMENT(.log_const_*)))
 .log_const_clock_control
                0x00000000000099a0        0x8 zephyr/drivers/clock_control/libdrivers__clock_control.a(clock_control_nrf.c.obj)
                0x00000000000099a0                log_const_clock_control
 .log_const_fatal_error
                0x00000000000099a8        0x8 modules/nrf/lib/fatal_error/lib..__nrf__lib__fatal_error.a(fatal_error.c.obj)
                0x00000000000099a8                log_const_fatal_error
 .log_const_flash_nrf
                0x00000000000099b0        0x8 zephyr/drivers/flash/libdrivers__flash.a(soc_flash_nrf.c.obj)
                0x00000000000099b0                log_const_flash_nrf
 .log_const_mcuboot
                0x00000000000099b8        0x8 app/libapp.a(main.c.obj)
                0x00000000000099b8                log_const_mcuboot
 .log_const_mpu
                0x00000000000099c0        0x8 zephyr/arch/arch/arm/core/aarch32/mpu/libarch__arm__core__aarch32__mpu.a(arm_core_mpu.c.obj)
                0x00000000000099c0                log_const_mpu
 .log_const_os  0x00000000000099c8        0x8 zephyr/kernel/libkernel.a(init.c.obj)
                0x00000000000099c8                log_const_os
 .log_const_soc
                0x00000000000099d0        0x8 zephyr/soc/arm/nordic_nrf/nrf52/libsoc__arm__nordic_nrf__nrf52.a(soc.c.obj)
                0x00000000000099d0                log_const_soc
 .log_const_spi_nor
                0x00000000000099d8        0x8 zephyr/drivers/flash/libdrivers__flash.a(spi_nor.c.obj)
                0x00000000000099d8                log_const_spi_nor
 .log_const_spi_nrfx_spim
                0x00000000000099e0        0x8 zephyr/drivers/spi/libdrivers__spi.a(spi_nrfx_spim.c.obj)
                0x00000000000099e0                log_const_spi_nrfx_spim
 .log_const_temp_nrf5
                0x00000000000099e8        0x8 zephyr/drivers/sensor/nrf5/libdrivers__sensor__nrf5.a(temp_nrf5.c.obj)
                0x00000000000099e8                log_const_temp_nrf5
                0x00000000000099f0                __log_const_end = .

log_backends_sections
                0x00000000000099f0        0x0
                0x00000000000099f0                __log_backends_start = .
 *(SORT_BY_ALIGNMENT(._log_backend.*))
                0x00000000000099f0                __log_backends_end = .

shell_area      0x00000000000099f0        0x0
                0x00000000000099f0                _shell_list_start = .
 *(SORT_BY_NAME(SORT_BY_ALIGNMENT(._shell.static.*)))
                0x00000000000099f0                _shell_list_end = .

shell_root_cmds_sections
                0x00000000000099f0        0x0
                0x00000000000099f0                __shell_root_cmds_start = .
 *(SORT_BY_NAME(SORT_BY_ALIGNMENT(.shell_root_cmd_*)))
                0x00000000000099f0                __shell_root_cmds_end = .

font_entry_sections
                0x00000000000099f0        0x0
                0x00000000000099f0                __font_entry_start = .
 *(SORT_BY_NAME(SORT_BY_ALIGNMENT(._cfb_font.*)))
                0x00000000000099f0                __font_entry_end = .

tracing_backend_area
                0x00000000000099f0        0x0
                0x00000000000099f0                _tracing_backend_list_start = .
 *(SORT_BY_NAME(SORT_BY_ALIGNMENT(._tracing_backend.static.*)))
                0x00000000000099f0                _tracing_backend_list_end = .

zephyr_dbg_info
 *(SORT_BY_ALIGNMENT(.dbg_thread_info))

device_handles  0x00000000000099f0       0x3c
                0x00000000000099f0                __device_handles_start = .
 *(SORT_BY_NAME(SORT_BY_ALIGNMENT(.__device_handles_pass2*)))
 .__device_handles_pass2
                0x00000000000099f0       0x3c zephyr/CMakeFiles/zephyr_pre1.dir/dev_handles.c.obj
                0x00000000000099f0                __devicehdl_DT_N_S_soc_S_temp_4000c000
                0x00000000000099f6                __devicehdl_DT_N_S_soc_S_spi_40004000_S_w25q128jvsiq_0
                0x0000000000009a00                __devicehdl_DT_N_S_soc_S_spi_40004000
                0x0000000000009a0a                __devicehdl_DT_N_S_soc_S_flash_controller_4001e000
                0x0000000000009a10                __devicehdl_DT_N_S_soc_S_uart_40002000
                0x0000000000009a16                __devicehdl_DT_N_S_soc_S_gpio_50000300
                0x0000000000009a1c                __devicehdl_DT_N_S_soc_S_gpio_50000000
                0x0000000000009a26                __devicehdl_DT_N_S_soc_S_clock_40000000
                0x0000000000009a2c                __device_handles_end = .

rodata          0x0000000000009a30     0x13c4
 *(SORT_BY_ALIGNMENT(.rodata))
 *(SORT_BY_ALIGNMENT(.rodata.*))
 .rodata.delay_machine_code.0
                0x0000000000009a30        0x6 zephyr/soc/arm/nordic_nrf/nrf52/libsoc__arm__nordic_nrf__nrf52.a(soc.c.obj)
 *fill*         0x0000000000009a36        0x2 
 .rodata.bootutil_key_cnt
                0x0000000000009a38        0x4 app/libapp.a(keys.c.obj)
                0x0000000000009a38                bootutil_key_cnt
 .rodata.bootutil_keys
                0x0000000000009a3c        0x8 app/libapp.a(keys.c.obj)
                0x0000000000009a3c                bootutil_keys
 .rodata.rsa_pub_key_len
                0x0000000000009a44        0x4 app/libapp.a(autogen-pubkey.c.obj)
                0x0000000000009a44                rsa_pub_key_len
 .rodata.default_flash_map
                0x0000000000009a48       0x90 zephyr/libzephyr.a(flash_map_partition_manager.c.obj)
                0x0000000000009a48                default_flash_map
 .rodata.flash_map_entries
                0x0000000000009ad8        0x4 zephyr/libzephyr.a(flash_map_partition_manager.c.obj)
                0x0000000000009ad8                flash_map_entries
 .rodata.static_regions
                0x0000000000009adc        0xc zephyr/arch/arch/arm/core/aarch32/mpu/libarch__arm__core__aarch32__mpu.a(arm_core_mpu.c.obj)
 .rodata.mpu_config
                0x0000000000009ae8        0x8 zephyr/soc/arm/common/cortex_m/libsoc__arm__common__cortex_m.a(arm_mpu_regions.c.obj)
                0x0000000000009ae8                mpu_config
 .rodata.mpu_regions
                0x0000000000009af0       0x18 zephyr/soc/arm/common/cortex_m/libsoc__arm__common__cortex_m.a(arm_mpu_regions.c.obj)
 .rodata.clock_control_api
                0x0000000000009b08       0x18 zephyr/drivers/clock_control/libdrivers__clock_control.a(clock_control_nrf.c.obj)
 .rodata.config
                0x0000000000009b20       0x18 zephyr/drivers/clock_control/libdrivers__clock_control.a(clock_control_nrf.c.obj)
 .rodata.transitions.0
                0x0000000000009b38        0xc zephyr/drivers/clock_control/libdrivers__clock_control.a(clock_control_nrf.c.obj)
 .rodata.gpio_nrfx_drv_api_funcs
                0x0000000000009b44       0x24 zephyr/drivers/gpio/libdrivers__gpio.a(gpio_nrfx.c.obj)
 .rodata.gpio_nrfx_p0_cfg
                0x0000000000009b68       0x10 zephyr/drivers/gpio/libdrivers__gpio.a(gpio_nrfx.c.obj)
 .rodata.gpio_nrfx_p1_cfg
                0x0000000000009b78       0x10 zephyr/drivers/gpio/libdrivers__gpio.a(gpio_nrfx.c.obj)
 .rodata.temp_nrf5_driver_api
                0x0000000000009b88       0x14 zephyr/drivers/sensor/nrf5/libdrivers__sensor__nrf5.a(temp_nrf5.c.obj)
 .rodata.__compound_literal.0
                0x0000000000009b9c        0x8 zephyr/drivers/spi/libdrivers__spi.a(spi_nrfx_spim.c.obj)
 .rodata.__pinctrl_dev_config__device_dts_ord_20
                0x0000000000009ba4        0xc zephyr/drivers/spi/libdrivers__spi.a(spi_nrfx_spim.c.obj)
 .rodata.__pinctrl_state_pins_0__device_dts_ord_20
                0x0000000000009bb0        0xc zephyr/drivers/spi/libdrivers__spi.a(spi_nrfx_spim.c.obj)
 .rodata.__pinctrl_states__device_dts_ord_20
                0x0000000000009bbc        0x8 zephyr/drivers/spi/libdrivers__spi.a(spi_nrfx_spim.c.obj)
 .rodata.spi_1z_config
                0x0000000000009bc4       0x28 zephyr/drivers/spi/libdrivers__spi.a(spi_nrfx_spim.c.obj)
 .rodata.spi_nrfx_driver_api
                0x0000000000009bec        0x8 zephyr/drivers/spi/libdrivers__spi.a(spi_nrfx_spim.c.obj)
 .rodata.bfp_data_0
                0x0000000000009bf4       0x40 zephyr/drivers/flash/libdrivers__flash.a(spi_nor.c.obj)
 .rodata.flash_nor_parameters
                0x0000000000009c34        0x8 zephyr/drivers/flash/libdrivers__flash.a(spi_nor.c.obj)
 .rodata.spi_nor_api